Component: ARM Compiler 5.06 update 6 (build 750) Tool: armlink [4d35ed]

==============================================================================

Section Cross References

    system_stm32l1xx.o(i.SystemCoreClockUpdate) refers to system_stm32l1xx.o(.data) for SystemCoreClock
    system_stm32l1xx.o(i.SystemCoreClockUpdate) refers to system_stm32l1xx.o(.constdata) for PLLMulTable
    startup_stm32l152xb.o(STACK) refers (Special) to heapauxi.o(.text) for __use_two_region_memory
    startup_stm32l152xb.o(HEAP) refers (Special) to heapauxi.o(.text) for __use_two_region_memory
    startup_stm32l152xb.o(RESET) refers (Special) to heapauxi.o(.text) for __use_two_region_memory
    startup_stm32l152xb.o(RESET) refers to startup_stm32l152xb.o(STACK) for __initial_sp
    startup_stm32l152xb.o(RESET) refers to startup_stm32l152xb.o(.text) for Reset_Handler
    startup_stm32l152xb.o(RESET) refers to main.o(i.EXTI0_IRQHandler) for EXTI0_IRQHandler
    startup_stm32l152xb.o(RESET) refers to main.o(i.TIM2_IRQHandler) for TIM2_IRQHandler
    startup_stm32l152xb.o(RESET) refers to main.o(i.TIM4_IRQHandler) for TIM4_IRQHandler
    startup_stm32l152xb.o(.text) refers (Special) to heapauxi.o(.text) for __use_two_region_memory
    startup_stm32l152xb.o(.text) refers to system_stm32l1xx.o(i.SystemInit) for SystemInit
    startup_stm32l152xb.o(.text) refers to __main.o(!!!main) for __main
    startup_stm32l152xb.o(.text) refers to startup_stm32l152xb.o(HEAP) for Heap_Mem
    startup_stm32l152xb.o(.text) refers to startup_stm32l152xb.o(STACK) for Stack_Mem
    main.o(i.Coins_Config) refers to main.o(i.LL_AHB1_GRP1_EnableClock) for LL_AHB1_GRP1_EnableClock
    main.o(i.Coins_Config) refers to stm32l1xx_ll_gpio.o(i.LL_GPIO_Init) for LL_GPIO_Init
    main.o(i.EXTI0_IRQHandler) refers to main.o(i.LL_GPIO_ResetOutputPin) for LL_GPIO_ResetOutputPin
    main.o(i.EXTI0_IRQHandler) refers to main.o(i.LL_TIM_EnableCounter) for LL_TIM_EnableCounter
    main.o(i.EXTI0_IRQHandler) refers to main.o(i.LL_GPIO_SetOutputPin) for LL_GPIO_SetOutputPin
    main.o(i.EXTI0_IRQHandler) refers to main.o(.data) for machine_status
    main.o(i.LED_Config) refers to main.o(i.LL_AHB1_GRP1_EnableClock) for LL_AHB1_GRP1_EnableClock
    main.o(i.LED_Config) refers to stm32l1xx_ll_gpio.o(i.LL_GPIO_Init) for LL_GPIO_Init
    main.o(i.LED_Config) refers to main.o(i.LL_GPIO_ResetOutputPin) for LL_GPIO_ResetOutputPin
    main.o(i.Notic_TIM_BASE_Config) refers to main.o(i.LL_APB1_GRP1_EnableClock) for LL_APB1_GRP1_EnableClock
    main.o(i.Notic_TIM_BASE_Config) refers to stm32l1xx_ll_tim.o(i.LL_TIM_Init) for LL_TIM_Init
    main.o(i.Notic_TIM_BASE_Config) refers to main.o(i.LL_TIM_EnableCounter) for LL_TIM_EnableCounter
    main.o(i.Notic_TIM_OC_Config) refers to main.o(i.Notic_TIM_OC_GPIO_Config) for Notic_TIM_OC_GPIO_Config
    main.o(i.Notic_TIM_OC_Config) refers to main.o(i.Notic_TIM_BASE_Config) for Notic_TIM_BASE_Config
    main.o(i.Notic_TIM_OC_Config) refers to stm32l1xx_ll_tim.o(i.LL_TIM_OC_Init) for LL_TIM_OC_Init
    main.o(i.Notic_TIM_OC_Config) refers to main.o(i.NVIC_SetPriority) for NVIC_SetPriority
    main.o(i.Notic_TIM_OC_Config) refers to main.o(i.NVIC_EnableIRQ) for NVIC_EnableIRQ
    main.o(i.Notic_TIM_OC_Config) refers to main.o(i.LL_TIM_CC_EnableChannel) for LL_TIM_CC_EnableChannel
    main.o(i.Notic_TIM_OC_Config) refers to main.o(i.LL_TIM_EnableCounter) for LL_TIM_EnableCounter
    main.o(i.Notic_TIM_OC_GPIO_Config) refers to main.o(i.LL_AHB1_GRP1_EnableClock) for LL_AHB1_GRP1_EnableClock
    main.o(i.Notic_TIM_OC_GPIO_Config) refers to stm32l1xx_ll_gpio.o(i.LL_GPIO_Init) for LL_GPIO_Init
    main.o(i.SEG_Config) refers to main.o(i.LL_AHB1_GRP1_EnableClock) for LL_AHB1_GRP1_EnableClock
    main.o(i.SEG_Config) refers to stm32l1xx_ll_gpio.o(i.LL_GPIO_Init) for LL_GPIO_Init
    main.o(i.SensorGPIO_Config) refers to main.o(i.LL_AHB1_GRP1_EnableClock) for LL_AHB1_GRP1_EnableClock
    main.o(i.SensorGPIO_Config) refers to stm32l1xx_ll_gpio.o(i.LL_GPIO_Init) for LL_GPIO_Init
    main.o(i.SensorTIM_IC_Config) refers to main.o(i.LL_APB1_GRP1_EnableClock) for LL_APB1_GRP1_EnableClock
    main.o(i.SensorTIM_IC_Config) refers to stm32l1xx_ll_tim.o(i.LL_TIM_IC_Init) for LL_TIM_IC_Init
    main.o(i.SensorTIM_IC_Config) refers to main.o(i.NVIC_SetPriority) for NVIC_SetPriority
    main.o(i.SensorTIM_IC_Config) refers to main.o(i.NVIC_EnableIRQ) for NVIC_EnableIRQ
    main.o(i.SensorTIM_IC_Config) refers to main.o(i.LL_TIM_CC_EnableChannel) for LL_TIM_CC_EnableChannel
    main.o(i.SensorTIM_IC_Config) refers to main.o(i.LL_TIM_EnableCounter) for LL_TIM_EnableCounter
    main.o(i.SystemClock_Config) refers to main.o(i.LL_APB1_GRP1_EnableClock) for LL_APB1_GRP1_EnableClock
    main.o(i.SystemClock_Config) refers to main.o(i.LL_RCC_HSI_IsReady) for LL_RCC_HSI_IsReady
    main.o(i.SystemClock_Config) refers to stm32l1xx_ll_utils.o(i.LL_Init1msTick) for LL_Init1msTick
[...]
    __rtentry.o(.ARM.Collect$$rtentry$$00000000) refers (Special) to __rtentry2.o(.ARM.Collect$$rtentry$$0000000D) for __rt_entry_main
    __rtentry.o(.ARM.Collect$$rtentry$$00000000) refers (Special) to __rtentry2.o(.ARM.Collect$$rtentry$$0000000C) for __rt_entry_postli_1
    __rtentry.o(.ARM.Collect$$rtentry$$00000000) refers (Special) to __rtentry2.o(.ARM.Collect$$rtentry$$00000009) for __rt_entry_postsh_1
    __rtentry.o(.ARM.Collect$$rtentry$$00000000) refers (Special) to __rtentry2.o(.ARM.Collect$$rtentry$$00000002) for __rt_entry_presh_1
    __rtentry.o(.ARM.Collect$$rtentry$$00000000) refers (Special) to __rtentry4.o(.ARM.Collect$$rtentry$$00000004) for __rt_entry_sh
    _printf_intcommon.o(.text) refers (Weak) to _printf_pad.o(.text) for _printf_pre_padding
    _printf_intcommon.o(.text) refers (Weak) to _printf_pad.o(.text) for _printf_pre_padding
    _printf_intcommon.o(.text) refers (Weak) to _printf_pad.o(.text) for _printf_post_padding
    _printf_char_common.o(.text) refers to __printf_flags_wp.o(.text) for __printf
    dnaninf.o(x$fpl$dnaninf) refers (Special) to usenofp.o(x$fpl$usenofp) for __I$use$fp
    dretinf.o(x$fpl$dretinf) refers (Special) to usenofp.o(x$fpl$usenofp) for __I$use$fp
    fnaninf.o(x$fpl$fnaninf) refers (Special) to usenofp.o(x$fpl$usenofp) for __I$use$fp
    fretinf.o(x$fpl$fretinf) refers (Special) to usenofp.o(x$fpl$usenofp) for __I$use$fp
    __rtentry2.o(.ARM.Collect$$rtentry$$00000008) refers to boardinit2.o(.text) for _platform_post_stackheap_init
    __rtentry2.o(.ARM.Collect$$rtentry$$0000000A) refers to libinit.o(.ARM.Collect$$libinit$$00000000) for __rt_lib_init
    __rtentry2.o(.ARM.Collect$$rtentry$$0000000B) refers to boardinit3.o(.text) for _platform_post_lib_init
    __rtentry2.o(.ARM.Collect$$rtentry$$0000000D) refers to main.o(i.main) for main
    __rtentry2.o(.ARM.Collect$$rtentry$$0000000D) refers to exit.o(.text) for exit
    __rtentry2.o(.ARM.exidx) refers to __rtentry2.o(.ARM.Collect$$rtentry$$00000001) for .ARM.Collect$$rtentry$$00000001
    __rtentry2.o(.ARM.exidx) refers to __rtentry2.o(.ARM.Collect$$rtentry$$00000008) for .ARM.Collect$$rtentry$$00000008
    __rtentry2.o(.ARM.exidx) refers to __rtentry2.o(.ARM.Collect$$rtentry$$0000000A) for .ARM.Collect$$rtentry$$0000000A
    __rtentry2.o(.ARM.exidx) refers to __rtentry2.o(.ARM.Collect$$rtentry$$0000000B) for .ARM.Collect$$rtentry$$0000000B
    __rtentry2.o(.ARM.exidx) refers to __rtentry2.o(.ARM.Collect$$rtentry$$0000000D) for .ARM.Collect$$rtentry$$0000000D
    __rtentry4.o(.ARM.Collect$$rtentry$$00000004) refers to sys_stackheap_outer.o(.text) for __user_setup_stackheap
    __rtentry4.o(.ARM.exidx) refers to __rtentry4.o(.ARM.Collect$$rtentry$$00000004) for .ARM.Collect$$rtentry$$00000004
    sys_stackheap_outer.o(.text) refers to libspace.o(.text) for __user_perproc_libspace
    sys_stackheap_outer.o(.text) refers to startup_stm32l152xb.o(.text) for __user_initial_stackheap
    exit.o(.text) refers to rtexit.o(.ARM.Collect$$rtexit$$00000000) for __rt_exit
    libinit.o(.ARM.Collect$$libinit$$00000000) refers (Special) to libinit2.o(.ARM.Collect$$libinit$$0000002E) for __rt_lib_init_alloca_1
    libinit.o(.ARM.Collect$$libinit$$00000000) refers (Special) to libinit2.o(.ARM.Collect$$libinit$$0000002C) for __rt_lib_init_argv_1
    libinit.o(.ARM.Collect$$libinit$$00000000) refers (Special) to libinit2.o(.ARM.Collect$$libinit$$0000001B) for __rt_lib_init_atexit_1
    libinit.o(.ARM.Collect$$libinit$$00000000) refers (Special) to libinit2.o(.ARM.Collect$$libinit$$00000021) for __rt_lib_init_clock_1
    libinit.o(.ARM.Collect$$libinit$$00000000) refers (Special) to libinit2.o(.ARM.Collect$$libinit$$00000032) for __rt_lib_init_cpp_1
    libinit.o(.ARM.Collect$$libinit$$00000000) refers (Special) to libinit2.o(.ARM.Collect$$libinit$$00000030) for __rt_lib_init_exceptions_1
    libinit.o(.ARM.Collect$$libinit$$00000000) refers (Special) to libinit2.o(.ARM.Collect$$libinit$$00000002) for __rt_lib_init_fp_1
    libinit.o(.ARM.Collect$$libinit$$00000000) refers (Special) to libinit2.o(.ARM.Collect$$libinit$$0000001F) for __rt_lib_init_fp_trap_1
    libinit.o(.ARM.Collect$$libinit$$00000000) refers (Special) to libinit2.o(.ARM.Collect$$libinit$$00000023) for __rt_lib_init_getenv_1
    libinit.o(.ARM.Collect$$libinit$$00000000) refers (Special) to libinit2.o(.ARM.Collect$$libinit$$0000000A) for __rt_lib_init_heap_1
    libinit.o(.ARM.Collect$$libinit$$00000000) refers (Special) to libinit2.o(.ARM.Collect$$libinit$$00000011) for __rt_lib_init_lc_collate_1
    libinit.o(.ARM.Collect$$libinit$$00000000) refers (Special) to libinit2.o(.ARM.Collect$$libinit$$00000013) for __rt_lib_init_lc_ctype_1
    libinit.o(.ARM.Collect$$libinit$$00000000) refers (Special) to libinit2.o(.ARM.Collect$$libinit$$00000015) for __rt_lib_init_lc_monetary_1
    libinit.o(.ARM.Collect$$libinit$$00000000) refers (Special) to libinit2.o(.ARM.Collect$$libinit$$00000017) for __rt_lib_init_lc_numeric_1
    libinit.o(.ARM.Collect$$libinit$$00000000) refers (Special) to libinit2.o(.ARM.Collect$$libinit$$00000019) for __rt_lib_init_lc_time_1
    libinit.o(.ARM.Collect$$libinit$$00000000) refers (Special) to libinit2.o(.ARM.Collect$$libinit$$00000004) for __rt_lib_init_preinit_1
    libinit.o(.ARM.Collect$$libinit$$00000000) refers (Special) to libinit2.o(.ARM.Collect$$libinit$$0000000E) for __rt_lib_init_rand_1
    libinit.o(.ARM.Collect$$libinit$$00000000) refers (Special) to libinit2.o(.ARM.Collect$$libinit$$00000033) for __rt_lib_init_return
    libinit.o(.ARM.Collect$$libinit$$00000000) refers (Special) to libinit2.o(.ARM.Collect$$libinit$$0000001D) for __rt_lib_init_signal_1
    libinit.o(.ARM.Collect$$libinit$$00000000) refers (Special) to libinit2.o(.ARM.Collect$$libinit$$00000025) for __rt_lib_init_stdio_1
    libinit.o(.ARM.Collect$$libinit$$00000000) refers (Special) to libinit2.o(.ARM.Collect$$libinit$$0000000C) for __rt_lib_init_user_alloc_1
    libspace.o(.text) refers to libspace.o(.bss) for __libspace_start
    rtexit.o(.ARM.Collect$$rtexit$$00000000) refers (Special) to rtexit2.o(.ARM.Collect$$rtexit$$00000004) for __rt_exit_exit
    rtexit.o(.ARM.Collect$$rtexit$$00000000) refers (Special) to rtexit2.o(.ARM.Collect$$rtexit$$00000003) for __rt_exit_ls
    rtexit.o(.ARM.Collect$$rtexit$$00000000) refers (Special) to rtexit2.o(.ARM.Collect$$rtexit$$00000002) for __rt_exit_prels_1
    rtexit.o(.ARM.exidx) refers (Special) to rtexit2.o(.ARM.Collect$$rtexit$$00000004) for __rt_exit_exit
    rtexit.o(.ARM.exidx) refers (Special) to rtexit2.o(.ARM.Collect$$rtexit$$00000003) for __rt_exit_ls
    rtexit.o(.ARM.exidx) refers (Special) to rtexit2.o(.ARM.Collect$$rtexit$$00000002) for __rt_exit_prels_1
    rtexit.o(.ARM.exidx) refers to rtexit.o(.ARM.Collect$$rtexit$$00000000) for .ARM.Collect$$rtexit$$00000000
    libinit2.o(.ARM.Collect$$libinit$$00000010) refers to libinit2.o(.ARM.Collect$$libinit$$0000000F) for .ARM.Collect$$libinit$$0000000F
    libinit2.o(.ARM.Collect$$libinit$$00000012) refers to libinit2.o(.ARM.Collect$$libinit$$0000000F) for .ARM.Collect$$libinit$$0000000F
    libinit2.o(.ARM.Collect$$libinit$$00000014) refers to libinit2.o(.ARM.Collect$$libinit$$0000000F) for .ARM.Collect$$libinit$$0000000F
    libinit2.o(.ARM.Collect$$libinit$$00000016) refers to libinit2.o(.ARM.Collect$$libinit$$0000000F) for .ARM.Collect$$libinit$$0000000F
    libinit2.o(.ARM.Collect$$libinit$$00000018) refers to libinit2.o(.ARM.Collect$$libinit$$0000000F) for .ARM.Collect$$libinit$$0000000F
    libinit2.o(.ARM.Collect$$libinit$$00000026) refers to argv_veneer.o(.emb_text) for __ARM_argv_veneer
    libinit2.o(.ARM.Collect$$libinit$$00000027) refers to argv_veneer.o(.emb_text) for __ARM_argv_veneer
    rtexit2.o(.ARM.Collect$$rtexit$$00000003) refers to libshutdown.o(.ARM.Collect$$libshutdown$$00000000) for __rt_lib_shutdown
    rtexit2.o(.ARM.Collect$$rtexit$$00000004) refers to sys_exit.o(.text) for _sys_exit
    rtexit2.o(.ARM.exidx) refers to rtexit2.o(.ARM.Collect$$rtexit$$00000001) for .ARM.Collect$$rtexit$$00000001
    rtexit2.o(.ARM.exidx) refers to rtexit2.o(.ARM.Collect$$rtexit$$00000003) for .ARM.Collect$$rtexit$$00000003
    rtexit2.o(.ARM.exidx) refers to rtexit2.o(.ARM.Collect$$rtexit$$00000004) for .ARM.Collect$$rtexit$$00000004
    argv_veneer.o(.emb_text) refers to no_argv.o(.text) for __ARM_get_argv
    sys_exit.o(.text) refers (Special) to use_no_semi.o(.text) for __I$use$semihosting
    sys_exit.o(.text) refers (Special) to indicate_semi.o(.text) for __semihosting_library_function
    _get_argv_nomalloc.o(.text) refers (Special) to hrguard.o(.text) for __heap_region$guard
    _get_argv_nomalloc.o(.text) refers to defsig_rtmem_outer.o(.text) for __rt_SIGRTMEM
    _get_argv_nomalloc.o(.text) refers to sys_command.o(.text) for _sys_command_string
    libshutdown.o(.ARM.Collect$$libshutdown$$00000000) refers (Special) to libshutdown2.o(.ARM.Collect$$libshutdown$$00000002) for __rt_lib_shutdown_cpp_1
    libshutdown.o(.ARM.Collect$$libshutdown$$00000000) refers (Special) to libshutdown2.o(.ARM.Collect$$libshutdown$$00000007) for __rt_lib_shutdown_fp_trap_1
    libshutdown.o(.ARM.Collect$$libshutdown$$00000000) refers (Special) to libshutdown2.o(.ARM.Collect$$libshutdown$$0000000F) for __rt_lib_shutdown_heap_1
    libshutdown.o(.ARM.Collect$$libshutdown$$00000000) refers (Special) to libshutdown2.o(.ARM.Collect$$libshutdown$$00000010) for __rt_lib_shutdown_return
    libshutdown.o(.ARM.Collect$$libshutdown$$00000000) refers (Special) to libshutdown2.o(.ARM.Collect$$libshutdown$$0000000A) for __rt_lib_shutdown_signal_1
    libshutdown.o(.ARM.Collect$$libshutdown$$00000000) refers (Special) to libshutdown2.o(.ARM.Collect$$libshutdown$$00000004) for __rt_lib_shutdown_stdio_1
    libshutdown.o(.ARM.Collect$$libshutdown$$00000000) refers (Special) to libshutdown2.o(.ARM.Collect$$libshutdown$$0000000C) for __rt_lib_shutdown_user_alloc_1
    sys_command.o(.text) refers (Special) to use_no_semi.o(.text) for __I$use$semihosting
    sys_command.o(.text) refers (Special) to indicate_semi.o(.text) for __semihosting_library_function
    defsig_rtmem_outer.o(.text) refers to defsig_rtmem_inner.o(.text) for __rt_SIGRTMEM_inner
    defsig_rtmem_outer.o(.text) refers to defsig_exit.o(.text) for __sig_exit
    defsig_rtmem_formal.o(.text) refers to rt_raise.o(.text) for __rt_raise
    rt_raise.o(.text) refers to __raise.o(.text) for __raise
    rt_raise.o(.text) refers to sys_exit.o(.text) for _sys_exit
    defsig_exit.o(.text) refers to sys_exit.o(.text) for _sys_exit
    defsig_rtmem_inner.o(.text) refers to defsig_general.o(.text) for __default_signal_display
    __raise.o(.text) refers to defsig.o(CL$$defsig) for __default_signal_handler
    defsig_general.o(.text) refers to sys_wrch.o(.text) for _ttywrch
    sys_wrch.o(.text) refers (Special) to use_no_semi.o(.text) for __I$use$semihosting
    sys_wrch.o(.text) refers (Special) to indicate_semi.o(.text) for __semihosting_library_function
    defsig.o(CL$$defsig) refers to defsig_rtmem_inner.o(.text) for __rt_SIGRTMEM_inner
    defsig_abrt_inner.o(.text) refers to defsig_general.o(.text) for __default_signal_display
    defsig_fpe_inner.o(.text) refers to defsig_general.o(.text) for __default_signal_display
    defsig_rtred_inner.o(.text) refers to defsig_general.o(.text) for __default_signal_display
    defsig_stak_inner.o(.text) refers to defsig_general.o(.text) for __default_signal_display
    defsig_pvfn_inner.o(.text) refers to defsig_general.o(.text) for __default_signal_display
    defsig_cppl_inner.o(.text) refers to defsig_general.o(.text) for __default_signal_display
    defsig_segv_inner.o(.text) refers to defsig_general.o(.text) for __default_signal_display
    defsig_other.o(.text) refers to defsig_general.o(.text) for __default_signal_display


==============================================================================

Removing Unused input sections from the image.

    Removing system_stm32l1xx.o(.rev16_text), (4 bytes).
    Removing system_stm32l1xx.o(.revsh_text), (4 bytes).
    Removing system_stm32l1xx.o(.rrx_text), (6 bytes).
    Removing system_stm32l1xx.o(i.SystemCoreClockUpdate), (220 bytes).
    Removing system_stm32l1xx.o(.constdata), (33 bytes).
    Removing main.o(.rev16_text), (4 bytes).
    Removing main.o(.revsh_text), (4 bytes).
    Removing main.o(.rrx_text), (6 bytes).
    Removing stm32l1xx_ll_lcd.o(.rev16_text), (4 bytes).
    Removing stm32l1xx_ll_lcd.o(.revsh_text), (4 bytes).
    Removing stm32l1xx_ll_lcd.o(.rrx_text), (6 bytes).
    Removing stm32l1xx_ll_lcd.o(i.LCD_WaitForSynchro), (24 bytes).
    Removing stm32l1xx_ll_lcd.o(i.LL_LCD_Clear), (52 bytes).
    Removing stm32l1xx_ll_lcd.o(i.LL_LCD_DeInit), (44 bytes).
    Removing stm32l1xx_ll_lcd.o(i.LL_LCD_Init), (180 bytes).
    Removing stm32l1xx_ll_lcd.o(i.LL_LCD_MspDeInit), (2 bytes).
    Removing stm32l1xx_ll_lcd.o(i.LL_LCD_MspInit), (2 bytes).
    Removing stm32l1xx_ll_lcd.o(i.LL_LCD_UpdateDisplayRequest), (44 bytes).
    Removing stm32l1xx_ll_lcd.o(i.LL_LCD_Write), (48 bytes).
    Removing stm32l152_glass_lcd.o(.rev16_text), (4 bytes).
    Removing stm32l152_glass_lcd.o(.revsh_text), (4 bytes).
    Removing stm32l152_glass_lcd.o(.rrx_text), (6 bytes).
    Removing stm32l152_glass_lcd.o(i.Convert), (208 bytes).
    Removing stm32l152_glass_lcd.o(i.LCD_GLASS_BarLevelConfig), (200 bytes).
    Removing stm32l152_glass_lcd.o(i.LCD_GLASS_BlinkConfig), (40 bytes).
    Removing stm32l152_glass_lcd.o(i.LCD_GLASS_Clear), (8 bytes).
    Removing stm32l152_glass_lcd.o(i.LCD_GLASS_ClearBar), (108 bytes).
    Removing stm32l152_glass_lcd.o(i.LCD_GLASS_Contrast), (32 bytes).
    Removing stm32l152_glass_lcd.o(i.LCD_GLASS_DisplayBar), (108 bytes).
    Removing stm32l152_glass_lcd.o(i.LCD_GLASS_DisplayChar), (1480 bytes).
    Removing stm32l152_glass_lcd.o(i.LCD_GLASS_DisplayStrDeci), (112 bytes).
    Removing stm32l152_glass_lcd.o(i.LCD_GLASS_DisplayString), (58 bytes).
    Removing stm32l152_glass_lcd.o(i.LCD_GLASS_Init), (76 bytes).
    Removing stm32l152_glass_lcd.o(i.LCD_GLASS_ScrollSentence), (208 bytes).
    Removing stm32l152_glass_lcd.o(i.LCD_GLASS_WriteChar), (28 bytes).
    Removing stm32l152_glass_lcd.o(i.LCD_MspInit), (248 bytes).
    Removing stm32l152_glass_lcd.o(i.LL_AHB1_GRP1_EnableClock), (28 bytes).
    Removing stm32l152_glass_lcd.o(i.LL_APB1_GRP1_EnableClock), (28 bytes).
    Removing stm32l152_glass_lcd.o(i.LL_RCC_LSE_IsReady), (16 bytes).
    Removing stm32l152_glass_lcd.o(.bss), (64 bytes).
    Removing stm32l152_glass_lcd.o(.constdata), (72 bytes).
    Removing stm32l152_glass_lcd.o(.data), (2 bytes).
    Removing stm32l1xx_ll_pwr.o(.rev16_text), (4 bytes).
    Removing stm32l1xx_ll_pwr.o(.revsh_text), (4 bytes).
    Removing stm32l1xx_ll_pwr.o(.rrx_text), (6 bytes).
    Removing stm32l1xx_ll_pwr.o(i.LL_PWR_DeInit), (36 bytes).
    Removing stm32l1xx_ll_rcc.o(.rev16_text), (4 bytes).
    Removing stm32l1xx_ll_rcc.o(.revsh_text), (4 bytes).
    Removing stm32l1xx_ll_rcc.o(.rrx_text), (6 bytes).
    Removing stm32l1xx_ll_rcc.o(i.LL_RCC_DeInit), (192 bytes).
    Removing stm32l1xx_ll_rcc.o(i.LL_RCC_GetSystemClocksFreq), (36 bytes).
    Removing stm32l1xx_ll_rcc.o(i.RCC_GetHCLKClockFreq), (32 bytes).
    Removing stm32l1xx_ll_rcc.o(i.RCC_GetPCLK1ClockFreq), (36 bytes).
    Removing stm32l1xx_ll_rcc.o(i.RCC_GetPCLK2ClockFreq), (36 bytes).
    Removing stm32l1xx_ll_rcc.o(i.RCC_GetSystemClockFreq), (136 bytes).
    Removing stm32l1xx_ll_rcc.o(i.RCC_PLL_GetFreqDomain_SYS), (120 bytes).
    Removing stm32l1xx_ll_utils.o(.rev16_text), (4 bytes).
    Removing stm32l1xx_ll_utils.o(.revsh_text), (4 bytes).
    Removing stm32l1xx_ll_utils.o(.rrx_text), (6 bytes).
    Removing stm32l1xx_ll_utils.o(i.LL_PLL_ConfigSystemClock_HSE), (152 bytes).
    Removing stm32l1xx_ll_utils.o(i.LL_PLL_ConfigSystemClock_HSI), (104 bytes).
    Removing stm32l1xx_ll_utils.o(i.LL_RCC_HSE_IsReady), (16 bytes).
    Removing stm32l1xx_ll_utils.o(i.LL_RCC_HSI_IsReady), (16 bytes).
    Removing stm32l1xx_ll_utils.o(i.LL_RCC_PLL_ConfigDomain_SYS), (28 bytes).
    Removing stm32l1xx_ll_utils.o(i.LL_RCC_PLL_IsReady), (16 bytes).
    Removing stm32l1xx_ll_utils.o(i.UTILS_EnablePLLAndSwitchSystem), (212 bytes).
    Removing stm32l1xx_ll_utils.o(i.UTILS_GetPLLOutputFrequency), (60 bytes).
    Removing stm32l1xx_ll_utils.o(i.UTILS_PLL_IsBusy), (16 bytes).
    Removing stm32l1xx_ll_utils.o(i.UTILS_SetFlashLatency), (152 bytes).
    Removing stm32l1xx_ll_gpio.o(.rev16_text), (4 bytes).
    Removing stm32l1xx_ll_gpio.o(.revsh_text), (4 bytes).
    Removing stm32l1xx_ll_gpio.o(.rrx_text), (6 bytes).
    Removing stm32l1xx_ll_gpio.o(i.LL_AHB1_GRP1_ForceReset), (16 bytes).
    Removing stm32l1xx_ll_gpio.o(i.LL_AHB1_GRP1_ReleaseReset), (16 bytes).
    Removing stm32l1xx_ll_gpio.o(i.LL_GPIO_DeInit), (156 bytes).
    Removing stm32l1xx_ll_gpio.o(i.LL_GPIO_StructInit), (22 bytes).
    Removing stm32l1xx_ll_tim.o(.rev16_text), (4 bytes).
    Removing stm32l1xx_ll_tim.o(.revsh_text), (4 bytes).
    Removing stm32l1xx_ll_tim.o(.rrx_text), (6 bytes).
    Removing stm32l1xx_ll_tim.o(i.LL_APB1_GRP1_ForceReset), (16 bytes).
    Removing stm32l1xx_ll_tim.o(i.LL_APB1_GRP1_ReleaseReset), (16 bytes).
    Removing stm32l1xx_ll_tim.o(i.LL_APB2_GRP1_ForceReset), (16 bytes).
    Removing stm32l1xx_ll_tim.o(i.LL_APB2_GRP1_ReleaseReset), (16 bytes).
    Removing stm32l1xx_ll_tim.o(i.LL_TIM_DeInit), (200 bytes).
    Removing stm32l1xx_ll_tim.o(i.LL_TIM_ENCODER_Init), (104 bytes).
    Removing stm32l1xx_ll_tim.o(i.LL_TIM_ENCODER_StructInit), (36 bytes).
    Removing stm32l1xx_ll_tim.o(i.LL_TIM_IC_StructInit), (18 bytes).
    Removing stm32l1xx_ll_tim.o(i.LL_TIM_OC_StructInit), (12 bytes).
    Removing stm32l1xx_ll_tim.o(i.LL_TIM_StructInit), (16 bytes).
    Removing stm32l1xx_ll_tim.o(.constdata), (28 bytes).
    Removing stm32l1xx_ll_exti.o(.rev16_text), (4 bytes).
    Removing stm32l1xx_ll_exti.o(.revsh_text), (4 bytes).
    Removing stm32l1xx_ll_exti.o(.rrx_text), (6 bytes).
    Removing stm32l1xx_ll_exti.o(i.LL_EXTI_DeInit), (40 bytes).
    Removing stm32l1xx_ll_exti.o(i.LL_EXTI_DisableEvent_0_31), (16 bytes).
    Removing stm32l1xx_ll_exti.o(i.LL_EXTI_DisableIT_0_31), (16 bytes).
    Removing stm32l1xx_ll_exti.o(i.LL_EXTI_EnableEvent_0_31), (16 bytes).
    Removing stm32l1xx_ll_exti.o(i.LL_EXTI_EnableFallingTrig_0_31), (16 bytes).
    Removing stm32l1xx_ll_exti.o(i.LL_EXTI_EnableIT_0_31), (16 bytes).
    Removing stm32l1xx_ll_exti.o(i.LL_EXTI_EnableRisingTrig_0_31), (16 bytes).
    Removing stm32l1xx_ll_exti.o(i.LL_EXTI_Init), (188 bytes).
    Removing stm32l1xx_ll_exti.o(i.LL_EXTI_StructInit), (14 bytes).
    Removing dwt_delay.o(.rev16_text), (4 bytes).
    Removing dwt_delay.o(.revsh_text), (4 bytes).
    Removing dwt_delay.o(.rrx_text), (6 bytes).
    Removing dwt_delay.o(i.DWT_Delay), (48 bytes).
    Removing dwt_delay.o(i.DWT_Init), (48 bytes).
    Removing stm32l1xx_ll_dac.o(.rev16_text), (4 bytes).
    Removing stm32l1xx_ll_dac.o(.revsh_text), (4 bytes).
    Removing stm32l1xx_ll_dac.o(.rrx_text), (6 bytes).
    Removing stm32l1xx_ll_dac.o(i.LL_DAC_DeInit), (40 bytes).
    Removing stm32l1xx_ll_dac.o(i.LL_DAC_Init), (126 bytes).
    Removing stm32l1xx_ll_dac.o(i.LL_DAC_StructInit), (14 bytes).

113 unused section(s) (total 6639 bytes) removed from the image.

==============================================================================

Image Symbol Table

    Local Symbols

    Symbol Name                              Value     Ov Type        Size  Object(Section)

    ../clib/angel/boardlib.s                 0x00000000   Number         0  boardinit1.o ABSOLUTE
    ../clib/angel/boardlib.s                 0x00000000   Number         0  boardinit3.o ABSOLUTE
    ../clib/angel/boardlib.s                 0x00000000   Number         0  boardshut.o ABSOLUTE
    ../clib/angel/boardlib.s                 0x00000000   Number         0  boardinit2.o ABSOLUTE
    ../clib/angel/handlers.s                 0x00000000   Number         0  __scatter_copy.o ABSOLUTE
    ../clib/angel/handlers.s                 0x00000000   Number         0  __scatter_zi.o ABSOLUTE
    ../clib/angel/kernel.s                   0x00000000   Number         0  rtexit2.o ABSOLUTE
    ../clib/angel/kernel.s                   0x00000000   Number         0  __rtentry4.o ABSOLUTE
    ../clib/angel/kernel.s                   0x00000000   Number         0  rtexit.o ABSOLUTE
    ../clib/angel/kernel.s                   0x00000000   Number         0  __rtentry.o ABSOLUTE
    ../clib/angel/kernel.s                   0x00000000   Number         0  __rtentry2.o ABSOLUTE
    ../clib/angel/rt.s                       0x00000000   Number         0  rt_raise.o ABSOLUTE
    ../clib/angel/scatter.s                  0x00000000   Number         0  __scatter.o ABSOLUTE
    ../clib/angel/startup.s                  0x00000000   Number         0  __main.o ABSOLUTE
    ../clib/angel/sys.s                      0x00000000   Number         0  sys_stackheap_outer.o ABSOLUTE
    ../clib/angel/sys.s                      0x00000000   Number         0  indicate_semi.o ABSOLUTE
    ../clib/angel/sys.s                      0x00000000   Number         0  libspace.o ABSOLUTE
    ../clib/angel/sys.s                      0x00000000   Number         0  use_no_semi.o ABSOLUTE
    ../clib/angel/sysapp.c                   0x00000000   Number         0  sys_exit.o ABSOLUTE
    ../clib/angel/sysapp.c                   0x00000000   Number         0  sys_wrch.o ABSOLUTE
    ../clib/angel/sysapp.c                   0x00000000   Number         0  sys_command.o ABSOLUTE
    ../clib/armsys.c                         0x00000000   Number         0  argv_veneer.o ABSOLUTE
    ../clib/armsys.c                         0x00000000   Number         0  argv_veneer.o ABSOLUTE
    ../clib/armsys.c                         0x00000000   Number         0  _get_argv_nomalloc.o ABSOLUTE
    ../clib/armsys.c                         0x00000000   Number         0  no_argv.o ABSOLUTE
    ../clib/heapalloc.c                      0x00000000   Number         0  hrguard.o ABSOLUTE
    ../clib/heapaux.c                        0x00000000   Number         0  heapauxi.o ABSOLUTE
    ../clib/libinit.s                        0x00000000   Number         0  libshutdown2.o ABSOLUTE
    ../clib/libinit.s                        0x00000000   Number         0  libinit.o ABSOLUTE
    ../clib/libinit.s                        0x00000000   Number         0  libshutdown.o ABSOLUTE
    ../clib/libinit.s                        0x00000000   Number         0  libinit2.o ABSOLUTE
    ../clib/memcpset.s                       0x00000000   Number         0  rt_memclr_w.o ABSOLUTE
    ../clib/misc.s                           0x00000000   Number         0  printf_stubs.o ABSOLUTE
    ../clib/printf.c                         0x00000000   Number         0  __printf_ss_wp.o ABSOLUTE
    ../clib/printf.c                         0x00000000   Number         0  __printf_flags_ss_wp.o ABSOLUTE
    ../clib/printf.c                         0x00000000   Number         0  __printf_flags_ss.o ABSOLUTE
    ../clib/printf.c                         0x00000000   Number         0  __printf_ss.o ABSOLUTE
    ../clib/printf.c                         0x00000000   Number         0  __printf_flags.o ABSOLUTE
    ../clib/printf.c                         0x00000000   Number         0  _printf_dec.o ABSOLUTE
    ../clib/printf.c                         0x00000000   Number         0  _printf_intcommon.o ABSOLUTE
    ../clib/printf.c                         0x00000000   Number         0  _sputc.o ABSOLUTE
    ../clib/printf.c                         0x00000000   Number         0  _printf_pad.o ABSOLUTE
    ../clib/printf.c                         0x00000000   Number         0  __printf.o ABSOLUTE
    ../clib/printf.c                         0x00000000   Number         0  _printf_char_common.o ABSOLUTE
    ../clib/printf.c                         0x00000000   Number         0  __printf_wp.o ABSOLUTE
    ../clib/printf.c                         0x00000000   Number         0  noretval__2sprintf.o ABSOLUTE
    ../clib/printf.c                         0x00000000   Number         0  __printf_nopercent.o ABSOLUTE
    ../clib/printf.c                         0x00000000   Number         0  __2sprintf.o ABSOLUTE
    ../clib/printf.c                         0x00000000   Number         0  __printf_flags_wp.o ABSOLUTE
    ../clib/printf_percent.s                 0x00000000   Number         0  _printf_d.o ABSOLUTE
    ../clib/printf_percent.s                 0x00000000   Number         0  _printf_percent_end.o ABSOLUTE
    ../clib/printf_percent.s                 0x00000000   Number         0  _printf_percent.o ABSOLUTE
    ../clib/signal.c                         0x00000000   Number         0  defsig_exit.o ABSOLUTE
    ../clib/signal.c                         0x00000000   Number         0  defsig_rtmem_formal.o ABSOLUTE
    ../clib/signal.c                         0x00000000   Number         0  defsig_rtmem_outer.o ABSOLUTE
    ../clib/signal.c                         0x00000000   Number         0  defsig_other.o ABSOLUTE
    ../clib/signal.c                         0x00000000   Number         0  defsig_segv_inner.o ABSOLUTE
    ../clib/signal.c                         0x00000000   Number         0  defsig_cppl_inner.o ABSOLUTE
    ../clib/signal.c                         0x00000000   Number         0  defsig_pvfn_inner.o ABSOLUTE
    ../clib/signal.c                         0x00000000   Number         0  defsig_stak_inner.o ABSOLUTE
    ../clib/signal.c                         0x00000000   Number         0  defsig_rtred_inner.o ABSOLUTE
    ../clib/signal.c                         0x00000000   Number         0  defsig_fpe_inner.o ABSOLUTE
    ../clib/signal.c                         0x00000000   Number         0  defsig_abrt_inner.o ABSOLUTE
    ../clib/signal.c                         0x00000000   Number         0  defsig_general.o ABSOLUTE
    ../clib/signal.c                         0x00000000   Number         0  __raise.o ABSOLUTE
    ../clib/signal.c                         0x00000000   Number         0  defsig_rtmem_inner.o ABSOLUTE
    ../clib/signal.s                         0x00000000   Number         0  defsig.o ABSOLUTE
    ../clib/stdlib.c                         0x00000000   Number         0  exit.o ABSOLUTE
    ../fplib/d2f.s                           0x00000000   Number         0  d2f.o ABSOLUTE
    ../fplib/ddiv.s                          0x00000000   Number         0  ddiv.o ABSOLUTE
    ../fplib/dflt.s                          0x00000000   Number         0  dflt_clz.o ABSOLUTE
    ../fplib/dmul.s                          0x00000000   Number         0  dmul.o ABSOLUTE
    ../fplib/dnaninf.s                       0x00000000   Number         0  dnaninf.o ABSOLUTE
    ../fplib/dretinf.s                       0x00000000   Number         0  dretinf.o ABSOLUTE
    ../fplib/ffixu.s                         0x00000000   Number         0  ffixu.o ABSOLUTE
    ../fplib/fmul.s                          0x00000000   Number         0  fmul.o ABSOLUTE
    ../fplib/fnaninf.s                       0x00000000   Number         0  fnaninf.o ABSOLUTE
    ../fplib/fpinit.s                        0x00000000   Number         0  fpinit.o ABSOLUTE
    ../fplib/fretinf.s                       0x00000000   Number         0  fretinf.o ABSOLUTE
    ../fplib/usenofp.s                       0x00000000   Number         0  usenofp.o ABSOLUTE
    ..\..\Drivers\CMSIS\Device\ST\STM32L1xx\Source\Templates\arm\startup_stm32l152xb.s 0x00000000   Number         0  startup_stm32l152xb.o ABSOLUTE
    ..\..\Drivers\CMSIS\Device\ST\STM32L1xx\Source\Templates\system_stm32l1xx.c 0x00000000   Number         0  system_stm32l1xx.o ABSOLUTE
    ..\..\Drivers\STM32L1xx_HAL_Driver\Src\dwt_delay.c 0x00000000   Number         0  dwt_delay.o ABSOLUTE
    ..\..\Drivers\STM32L1xx_HAL_Driver\Src\stm32l1xx_ll_dac.c 0x00000000   Number         0  stm32l1xx_ll_dac.o ABSOLUTE
    ..\..\Drivers\STM32L1xx_HAL_Driver\Src\stm32l1xx_ll_exti.c 0x00000000   Number         0  stm32l1xx_ll_exti.o ABSOLUTE
    ..\..\Drivers\STM32L1xx_HAL_Driver\Src\stm32l1xx_ll_gpio.c 0x00000000   Number         0  stm32l1xx_ll_gpio.o ABSOLUTE
    ..\..\Drivers\STM32L1xx_HAL_Driver\Src\stm32l1xx_ll_pwr.c 0x00000000   Number         0  stm32l1xx_ll_pwr.o ABSOLUTE
    ..\..\Drivers\STM32L1xx_HAL_Driver\Src\stm32l1xx_ll_rcc.c 0x00000000   Number         0  stm32l1xx_ll_rcc.o ABSOLUTE
    ..\..\Drivers\STM32L1xx_HAL_Driver\Src\stm32l1xx_ll_tim.c 0x00000000   Number         0  stm32l1xx_ll_tim.o ABSOLUTE
    ..\..\Drivers\STM32L1xx_HAL_Driver\Src\stm32l1xx_ll_utils.c 0x00000000   Number         0  stm32l1xx_ll_utils.o ABSOLUTE
    ..\\..\\Drivers\\CMSIS\\Device\\ST\\STM32L1xx\\Source\\Templates\\system_stm32l1xx.c 0x00000000   Number         0  system_stm32l1xx.o ABSOLUTE
    ..\\..\\Drivers\\STM32L1xx_HAL_Driver\\Src\\dwt_delay.c 0x00000000   Number         0  dwt_delay.o ABSOLUTE
    ..\\..\\Drivers\\STM32L1xx_HAL_Driver\\Src\\stm32l1xx_ll_dac.c 0x00000000   Number         0  stm32l1xx_ll_dac.o ABSOLUTE
    ..\\..\\Drivers\\STM32L1xx_HAL_Driver\\Src\\stm32l1xx_ll_exti.c 0x00000000   Number         0  stm32l1xx_ll_exti.o ABSOLUTE
    ..\\..\\Drivers\\STM32L1xx_HAL_Driver\\Src\\stm32l1xx_ll_gpio.c 0x00000000   Number         0  stm32l1xx_ll_gpio.o ABSOLUTE
    ..\\..\\Drivers\\STM32L1xx_HAL_Driver\\Src\\stm32l1xx_ll_pwr.c 0x00000000   Number         0  stm32l1xx_ll_pwr.o ABSOLUTE
    ..\\..\\Drivers\\STM32L1xx_HAL_Driver\\Src\\stm32l1xx_ll_rcc.c 0x00000000   Number         0  stm32l1xx_ll_rcc.o ABSOLUTE
    ..\\..\\Drivers\\STM32L1xx_HAL_Driver\\Src\\stm32l1xx_ll_tim.c 0x00000000   Number         0  stm32l1xx_ll_tim.o ABSOLUTE
    ..\\..\\Drivers\\STM32L1xx_HAL_Driver\\Src\\stm32l1xx_ll_utils.c 0x00000000   Number         0  stm32l1xx_ll_utils.o ABSOLUTE
    ..\\src\\main.c                          0x00000000   Number         0  main.o ABSOLUTE
    ..\\src\\stm32l152_glass_lcd.c           0x00000000   Number         0  stm32l152_glass_lcd.o ABSOLUTE
    ..\\src\\stm32l1xx_ll_lcd.c              0x00000000   Number         0  stm32l1xx_ll_lcd.o ABSOLUTE
    ..\src\main.c                            0x00000000   Number         0  main.o ABSOLUTE
    ..\src\stm32l152_glass_lcd.c             0x00000000   Number         0  stm32l152_glass_lcd.o ABSOLUTE
    ..\src\stm32l1xx_ll_lcd.c                0x00000000   Number         0  stm32l1xx_ll_lcd.o ABSOLUTE
    dc.s                                     0x00000000   Number         0  dc.o ABSOLUTE
    RESET                                    0x08000000   Section      244  startup_stm32l152xb.o(RESET)
    !!!main                                  0x080000f4   Section        8  __main.o(!!!main)
    !!!scatter                               0x080000fc   Section       52  __scatter.o(!!!scatter)
    !!handler_copy                           0x08000130   Section       26  __scatter_copy.o(!!handler_copy)
    !!handler_zi                             0x0800014c   Section       28  __scatter_zi.o(!!handler_zi)
    .ARM.Collect$$_printf_percent$$00000000  0x08000168   Section        0  _printf_percent.o(.ARM.Collect$$_printf_percent$$00000000)
    .ARM.Collect$$_printf_percent$$00000009  0x08000168   Section        6  _printf_d.o(.ARM.Collect$$_printf_percent$$00000009)
    .ARM.Collect$$_printf_percent$$00000017  0x0800016e   Section        4  _printf_percent_end.o(.ARM.Collect$$_printf_percent$$00000017)
    .ARM.Collect$$libinit$$00000000          0x08000172   Section        2  libinit.o(.ARM.Collect$$libinit$$00000000)
    .ARM.Collect$$libinit$$00000002          0x08000174   Section        0  libinit2.o(.ARM.Collect$$libinit$$00000002)
    .ARM.Collect$$libinit$$00000004          0x08000174   Section        0  libinit2.o(.ARM.Collect$$libinit$$00000004)
    .ARM.Collect$$libinit$$0000000A          0x08000174   Section        0  libinit2.o(.ARM.Collect$$libinit$$0000000A)
    .ARM.Collect$$libinit$$0000000C          0x08000174   Section        0  libinit2.o(.ARM.Collect$$libinit$$0000000C)
    .ARM.Collect$$libinit$$0000000E          0x08000174   Section        0  libinit2.o(.ARM.Collect$$libinit$$0000000E)
    .ARM.Collect$$libinit$$00000011          0x08000174   Section        0  libinit2.o(.ARM.Collect$$libinit$$00000011)
    .ARM.Collect$$libinit$$00000013          0x08000174   Section        0  libinit2.o(.ARM.Collect$$libinit$$00000013)
    .ARM.Collect$$libinit$$00000015          0x08000174   Section        0  libinit2.o(.ARM.Collect$$libinit$$00000015)
    .ARM.Collect$$libinit$$00000017          0x08000174   Section        0  libinit2.o(.ARM.Collect$$libinit$$00000017)
    .ARM.Collect$$libinit$$00000019          0x08000174   Section        0  libinit2.o(.ARM.Collect$$libinit$$00000019)
    .ARM.Collect$$libinit$$0000001B          0x08000174   Section        0  libinit2.o(.ARM.Collect$$libinit$$0000001B)
    .ARM.Collect$$libinit$$0000001D          0x08000174   Section        0  libinit2.o(.ARM.Collect$$libinit$$0000001D)
    .ARM.Collect$$libinit$$0000001F          0x08000174   Section        0  libinit2.o(.ARM.Collect$$libinit$$0000001F)
    .ARM.Collect$$libinit$$00000021          0x08000174   Section        0  libinit2.o(.ARM.Collect$$libinit$$00000021)
    .ARM.Collect$$libinit$$00000023          0x08000174   Section        0  libinit2.o(.ARM.Collect$$libinit$$00000023)
    .ARM.Collect$$libinit$$00000025          0x08000174   Section        0  libinit2.o(.ARM.Collect$$libinit$$00000025)
    .ARM.Collect$$libinit$$0000002C          0x08000174   Section        0  libinit2.o(.ARM.Collect$$libinit$$0000002C)
    .ARM.Collect$$libinit$$0000002E          0x08000174   Section        0  libinit2.o(.ARM.Collect$$libinit$$0000002E)
    .ARM.Collect$$libinit$$00000030          0x08000174   Section        0  libinit2.o(.ARM.Collect$$libinit$$00000030)
    .ARM.Collect$$libinit$$00000032          0x08000174   Section        0  libinit2.o(.ARM.Collect$$libinit$$00000032)
    .ARM.Collect$$libinit$$00000033          0x08000174   Section        2  libinit2.o(.ARM.Collect$$libinit$$00000033)
    .ARM.Collect$$libshutdown$$00000000      0x08000176   Section        2  libshutdown.o(.ARM.Collect$$libshutdown$$00000000)
    .ARM.Collect$$libshutdown$$00000002      0x08000178   Section        0  libshutdown2.o(.ARM.Collect$$libshutdown$$00000002)
    .ARM.Collect$$libshutdown$$00000004      0x08000178   Section        0  libshutdown2.o(.ARM.Collect$$libshutdown$$00000004)
    .ARM.Collect$$libshutdown$$00000007      0x08000178   Section        0  libshutdown2.o(.ARM.Collect$$libshutdown$$00000007)
    .ARM.Collect$$libshutdown$$0000000A      0x08000178   Section        0  libshutdown2.o(.ARM.Collect$$libshutdown$$0000000A)
    .ARM.Collect$$libshutdown$$0000000C      0x08000178   Section        0  libshutdown2.o(.ARM.Collect$$libshutdown$$0000000C)
    .ARM.Collect$$libshutdown$$0000000F      0x08000178   Section        0  libshutdown2.o(.ARM.Collect$$libshutdown$$0000000F)
    .ARM.Collect$$libshutdown$$00000010      0x08000178   Section        2  libshutdown2.o(.ARM.Collect$$libshutdown$$00000010)
    .ARM.Collect$$rtentry$$00000000          0x0800017a   Section        0  __rtentry.o(.ARM.Collect$$rtentry$$00000000)
    .ARM.Collect$$rtentry$$00000002          0x0800017a   Section        0  __rtentry2.o(.ARM.Collect$$rtentry$$00000002)
    .ARM.Collect$$rtentry$$00000004          0x0800017a   Section        6  __rtentry4.o(.ARM.Collect$$rtentry$$00000004)
    .ARM.Collect$$rtentry$$00000009          0x08000180   Section        0  __rtentry2.o(.ARM.Collect$$rtentry$$00000009)
    .ARM.Collect$$rtentry$$0000000A          0x08000180   Section        4  __rtentry2.o(.ARM.Collect$$rtentry$$0000000A)
    .ARM.Collect$$rtentry$$0000000C          0x08000184   Section        0  __rtentry2.o(.ARM.Collect$$rtentry$$0000000C)
    .ARM.Collect$$rtentry$$0000000D          0x08000184   Section        8  __rtentry2.o(.ARM.Collect$$rtentry$$0000000D)
    .ARM.Collect$$rtexit$$00000000           0x0800018c   Section        2  rtexit.o(.ARM.Collect$$rtexit$$00000000)
    .ARM.Collect$$rtexit$$00000002           0x0800018e   Section        0  rtexit2.o(.ARM.Collect$$rtexit$$00000002)
    .ARM.Collect$$rtexit$$00000003           0x0800018e   Section        4  rtexit2.o(.ARM.Collect$$rtexit$$00000003)
    .ARM.Collect$$rtexit$$00000004           0x08000192   Section        6  rtexit2.o(.ARM.Collect$$rtexit$$00000004)
    .text                                    0x08000198   Section       64  startup_stm32l152xb.o(.text)
    .text                                    0x080001d8   Section        0  noretval__2sprintf.o(.text)
    .text                                    0x08000200   Section        0  _printf_pad.o(.text)
    .text                                    0x08000250   Section        0  _printf_dec.o(.text)
    .text                                    0x080002c8   Section        0  __printf_flags_wp.o(.text)
    .text                                    0x08000400   Section        0  heapauxi.o(.text)
    .text                                    0x08000406   Section        0  _printf_intcommon.o(.text)
    .text                                    0x080004b8   Section        0  _printf_char_common.o(.text)
    _printf_input_char                       0x080004b9   Thumb Code    10  _printf_char_common.o(.text)
    .text                                    0x080004e8   Section        0  _sputc.o(.text)
    .text                                    0x080004f2   Section       74  sys_stackheap_outer.o(.text)
    .text                                    0x0800053c   Section        0  exit.o(.text)
    .text                                    0x08000550   Section        8  libspace.o(.text)
    .text                                    0x08000558   Section        0  sys_exit.o(.text)
    .text                                    0x08000564   Section        2  use_no_semi.o(.text)
    .text                                    0x08000566   Section        0  indicate_semi.o(.text)
    i.Coins_Config                           0x08000568   Section        0  main.o(i.Coins_Config)
    i.EXTI0_IRQHandler                       0x080005d0   Section        0  main.o(i.EXTI0_IRQHandler)
    i.IC1Config                              0x08000658   Section        0  stm32l1xx_ll_tim.o(i.IC1Config)
    IC1Config                                0x08000659   Thumb Code    52  stm32l1xx_ll_tim.o(i.IC1Config)
    i.IC2Config                              0x0800068c   Section        0  stm32l1xx_ll_tim.o(i.IC2Config)
    IC2Config                                0x0800068d   Thumb Code    56  stm32l1xx_ll_tim.o(i.IC2Config)
    i.IC3Config                              0x080006c4   Section        0  stm32l1xx_ll_tim.o(i.IC3Config)
    IC3Config                                0x080006c5   Thumb Code    58  stm32l1xx_ll_tim.o(i.IC3Config)
    i.IC4Config                              0x080006fe   Section        0  stm32l1xx_ll_tim.o(i.IC4Config)
    IC4Config                                0x080006ff   Thumb Code    58  stm32l1xx_ll_tim.o(i.IC4Config)
    i.LED_Config                             0x08000738   Section        0  main.o(i.LED_Config)
    i.LL_AHB1_GRP1_EnableClock               0x08000788   Section        0  main.o(i.LL_AHB1_GRP1_EnableClock)
    LL_AHB1_GRP1_EnableClock                 0x08000789   Thumb Code    24  main.o(i.LL_AHB1_GRP1_EnableClock)
    i.LL_APB1_GRP1_EnableClock               0x080007a4   Section        0  main.o(i.LL_APB1_GRP1_EnableClock)
    LL_APB1_GRP1_EnableClock                 0x080007a5   Thumb Code    24  main.o(i.LL_APB1_GRP1_EnableClock)
    i.LL_GPIO_Init                           0x080007c0   Section        0  stm32l1xx_ll_gpio.o(i.LL_GPIO_Init)
    i.LL_GPIO_IsInputPinSet                  0x08000904   Section        0  main.o(i.LL_GPIO_IsInputPinSet)
    LL_GPIO_IsInputPinSet                    0x08000905   Thumb Code    18  main.o(i.LL_GPIO_IsInputPinSet)
    i.LL_GPIO_ResetOutputPin                 0x08000916   Section        0  main.o(i.LL_GPIO_ResetOutputPin)
    LL_GPIO_ResetOutputPin                   0x08000917   Thumb Code     6  main.o(i.LL_GPIO_ResetOutputPin)
    i.LL_GPIO_SetOutputPin                   0x0800091c   Section        0  main.o(i.LL_GPIO_SetOutputPin)
    LL_GPIO_SetOutputPin                     0x0800091d   Thumb Code     4  main.o(i.LL_GPIO_SetOutputPin)
    i.LL_Init1msTick                         0x08000920   Section        0  stm32l1xx_ll_utils.o(i.LL_Init1msTick)
    i.LL_RCC_HSI_IsReady                     0x0800093c   Section        0  main.o(i.LL_RCC_HSI_IsReady)
    LL_RCC_HSI_IsReady                       0x0800093d   Thumb Code    10  main.o(i.LL_RCC_HSI_IsReady)
    i.LL_SetSystemCoreClock                  0x0800094c   Section        0  stm32l1xx_ll_utils.o(i.LL_SetSystemCoreClock)
    i.LL_TIM_CC_EnableChannel                0x08000958   Section        0  main.o(i.LL_TIM_CC_EnableChannel)
    LL_TIM_CC_EnableChannel                  0x08000959   Thumb Code     8  main.o(i.LL_TIM_CC_EnableChannel)
    i.LL_TIM_EnableCounter                   0x08000960   Section        0  main.o(i.LL_TIM_EnableCounter)
    LL_TIM_EnableCounter                     0x08000961   Thumb Code    10  main.o(i.LL_TIM_EnableCounter)
    i.LL_TIM_IC_Init                         0x0800096a   Section        0  stm32l1xx_ll_tim.o(i.LL_TIM_IC_Init)
    i.LL_TIM_Init                            0x080009c8   Section        0  stm32l1xx_ll_tim.o(i.LL_TIM_Init)
    i.LL_TIM_IsActiveFlag_UPDATE             0x08000a4c   Section        0  main.o(i.LL_TIM_IsActiveFlag_UPDATE)
    LL_TIM_IsActiveFlag_UPDATE               0x08000a4d   Thumb Code    10  main.o(i.LL_TIM_IsActiveFlag_UPDATE)
    i.LL_TIM_OC_Init                         0x08000a56   Section        0  stm32l1xx_ll_tim.o(i.LL_TIM_OC_Init)
    i.LL_mDelay                              0x08000ab2   Section        0  stm32l1xx_ll_utils.o(i.LL_mDelay)
    i.NVIC_EnableIRQ                         0x08000ada   Section        0  main.o(i.NVIC_EnableIRQ)
    NVIC_EnableIRQ                           0x08000adb   Thumb Code    22  main.o(i.NVIC_EnableIRQ)
    i.NVIC_SetPriority                       0x08000af0   Section        0  main.o(i.NVIC_SetPriority)
    NVIC_SetPriority                         0x08000af1   Thumb Code    32  main.o(i.NVIC_SetPriority)
    i.Notic_TIM_BASE_Config                  0x08000b18   Section        0  main.o(i.Notic_TIM_BASE_Config)
    i.Notic_TIM_OC_Config                    0x08000b48   Section        0  main.o(i.Notic_TIM_OC_Config)
    i.Notic_TIM_OC_GPIO_Config               0x08000ba8   Section        0  main.o(i.Notic_TIM_OC_GPIO_Config)
    i.OC1Config                              0x08000bd8   Section        0  stm32l1xx_ll_tim.o(i.OC1Config)
    OC1Config                                0x08000bd9   Thumb Code    74  stm32l1xx_ll_tim.o(i.OC1Config)
    i.OC2Config                              0x08000c22   Section        0  stm32l1xx_ll_tim.o(i.OC2Config)
    OC2Config                                0x08000c23   Thumb Code    74  stm32l1xx_ll_tim.o(i.OC2Config)
    i.OC3Config                              0x08000c6c   Section        0  stm32l1xx_ll_tim.o(i.OC3Config)
    OC3Config                                0x08000c6d   Thumb Code    74  stm32l1xx_ll_tim.o(i.OC3Config)
    i.OC4Config                              0x08000cb6   Section        0  stm32l1xx_ll_tim.o(i.OC4Config)
    OC4Config                                0x08000cb7   Thumb Code    74  stm32l1xx_ll_tim.o(i.OC4Config)
    i.SEG_Config                             0x08000d00   Section        0  main.o(i.SEG_Config)
    i.SensorGPIO_Config                      0x08000d44   Section        0  main.o(i.SensorGPIO_Config)
    i.SensorTIM_IC_Config                    0x08000d84   Section        0  main.o(i.SensorTIM_IC_Config)
    i.SystemClock_Config                     0x08000ddc   Section        0  main.o(i.SystemClock_Config)
    i.SystemInit                             0x08000f08   Section        0  system_stm32l1xx.o(i.SystemInit)
    i.TIM2_IRQHandler                        0x08000f6c   Section        0  main.o(i.TIM2_IRQHandler)
    i.TIM4_IRQHandler                        0x08001010   Section        0  main.o(i.TIM4_IRQHandler)
    i.TIM_Duration                           0x08001030   Section        0  main.o(i.TIM_Duration)
    i._is_digit                              0x0800106c   Section        0  __printf_wp.o(i._is_digit)
    i.display                                0x0800107c   Section        0  main.o(i.display)
    i.five_check                             0x080011fc   Section        0  main.o(i.five_check)
    i.main                                   0x0800124c   Section        0  main.o(i.main)
    i.one_check                              0x0800157c   Section        0  main.o(i.one_check)
    i.pump_Config                            0x080015cc   Section        0  main.o(i.pump_Config)
    i.ten_check                              0x08001644   Section        0  main.o(i.ten_check)
    i.two_check                              0x08001694   Section        0  main.o(i.two_check)
    i.water_TIMBase                          0x080016e4   Section        0  main.o(i.water_TIMBase)
    x$fpl$d2f                                0x08001728   Section       98  d2f.o(x$fpl$d2f)
    x$fpl$ddiv                               0x0800178c   Section      688  ddiv.o(x$fpl$ddiv)
    ddiv_entry                               0x08001793   Thumb Code     0  ddiv.o(x$fpl$ddiv)
    x$fpl$dfltu                              0x08001a3c   Section       38  dflt_clz.o(x$fpl$dfltu)
    x$fpl$dmul                               0x08001a64   Section      340  dmul.o(x$fpl$dmul)
    x$fpl$dnaninf                            0x08001bb8   Section      156  dnaninf.o(x$fpl$dnaninf)
    x$fpl$dretinf                            0x08001c54   Section       12  dretinf.o(x$fpl$dretinf)
    x$fpl$ffixu                              0x08001c60   Section       62  ffixu.o(x$fpl$ffixu)
    x$fpl$fmul                               0x08001ca0   Section      258  fmul.o(x$fpl$fmul)
    x$fpl$fnaninf                            0x08001da2   Section      140  fnaninf.o(x$fpl$fnaninf)
    x$fpl$fretinf                            0x08001e2e   Section       10  fretinf.o(x$fpl$fretinf)
    .constdata                               0x08001e38   Section       28  main.o(.constdata)
    x$fpl$usenofp                            0x08001e38   Section        0  usenofp.o(x$fpl$usenofp)
    OFFSET_TAB_CCMRx                         0x08001e38   Data           7  main.o(.constdata)
    SHIFT_TAB_OCxx                           0x08001e3f   Data           7  main.o(.constdata)
    SHIFT_TAB_ICxx                           0x08001e46   Data           7  main.o(.constdata)
    SHIFT_TAB_CCxP                           0x08001e4d   Data           7  main.o(.constdata)
    .constdata                               0x08001e54   Section       17  __printf_flags_wp.o(.constdata)
    maptable                                 0x08001e54   Data          17  __printf_flags_wp.o(.constdata)
    .data                                    0x20000000   Section        4  system_stm32l1xx.o(.data)
    .data                                    0x20000004   Section      254  main.o(.data)
    .bss                                     0x20000104   Section       96  libspace.o(.bss)
    HEAP                                     0x20000168   Section      512  startup_stm32l152xb.o(HEAP)
    Heap_Mem                                 0x20000168   Data         512  startup_stm32l152xb.o(HEAP)
    STACK                                    0x20000368   Section     1024  startup_stm32l152xb.o(STACK)
    Stack_Mem                                0x20000368   Data        1024  startup_stm32l152xb.o(STACK)
    __initial_sp                             0x20000768   Data           0  startup_stm32l152xb.o(STACK)

    Global Symbols

    Symbol Name                              Value     Ov Type        Size  Object(Section)

    BuildAttributes$$THM_ISAv4$P$D$K$B$S$PE$A:L22UL41UL21$X:L11$S22US41US21$IEEE1$IW$USESV6$~STKCKD$USESV7$~SHL$OSPACE$ROPI$EBA8$UX$STANDARDLIB$REQ8$PRES8$EABIv2 0x00000000   Number         0  anon$$obj.o ABSOLUTE
    __ARM_use_no_argv                        0x00000000   Number         0  main.o ABSOLUTE
    _printf_flags                            0x00000000   Number         0  printf_stubs.o ABSOLUTE
    _printf_return_value                     0x00000000   Number         0  printf_stubs.o ABSOLUTE
    _printf_sizespec                         0x00000000   Number         0  printf_stubs.o ABSOLUTE
    _printf_widthprec                        0x00000000   Number         0  printf_stubs.o ABSOLUTE
    __ARM_exceptions_init                     - Undefined Weak Reference
    __alloca_initialize                       - Undefined Weak Reference
    __arm_preinit_                            - Undefined Weak Reference
    __cpp_initialize__aeabi_                  - Undefined Weak Reference
    __cxa_finalize                            - Undefined Weak Reference
    __rt_locale                               - Undefined Weak Reference
    __sigvec_lookup                           - Undefined Weak Reference
    _atexit_init                              - Undefined Weak Reference
    _call_atexit_fns                          - Undefined Weak Reference
    _clock_init                               - Undefined Weak Reference
    _fp_trap_init                             - Undefined Weak Reference
    _fp_trap_shutdown                         - Undefined Weak Reference
    _get_lc_collate                           - Undefined Weak Reference
    _get_lc_ctype                             - Undefined Weak Reference
    _get_lc_monetary                          - Undefined Weak Reference
    _get_lc_numeric                           - Undefined Weak Reference
    _get_lc_time                              - Undefined Weak Reference
    _getenv_init                              - Undefined Weak Reference
    _handle_redirection                       - Undefined Weak Reference
    _init_alloc                               - Undefined Weak Reference
    _init_user_alloc                          - Undefined Weak Reference
    _initio                                   - Undefined Weak Reference
    _printf_truncate_signed                   - Undefined Weak Reference
    _printf_truncate_unsigned                 - Undefined Weak Reference
    _rand_init                                - Undefined Weak Reference
    _signal_finish                            - Undefined Weak Reference
    _signal_init                              - Undefined Weak Reference
    _terminate_alloc                          - Undefined Weak Reference
    _terminate_user_alloc                     - Undefined Weak Reference
    _terminateio                              - Undefined Weak Reference
    __Vectors_Size                           0x000000f4   Number         0  startup_stm32l152xb.o ABSOLUTE
    __Vectors                                0x08000000   Data           4  startup_stm32l152xb.o(RESET)
    __Vectors_End                            0x080000f4   Data           0  startup_stm32l152xb.o(RESET)
    __main                                   0x080000f5   Thumb Code     8  __main.o(!!!main)
    __scatterload                            0x080000fd   Thumb Code     0  __scatter.o(!!!scatter)
    __scatterload_rt2                        0x080000fd   Thumb Code    44  __scatter.o(!!!scatter)
    __scatterload_rt2_thumb_only             0x080000fd   Thumb Code     0  __scatter.o(!!!scatter)
    __scatterload_null                       0x0800010b   Thumb Code     0  __scatter.o(!!!scatter)
    __scatterload_copy                       0x08000131   Thumb Code    26  __scatter_copy.o(!!handler_copy)
    __scatterload_zeroinit                   0x0800014d   Thumb Code    28  __scatter_zi.o(!!handler_zi)
    _printf_d                                0x08000169   Thumb Code     0  _printf_d.o(.ARM.Collect$$_printf_percent$$00000009)
    _printf_percent                          0x08000169   Thumb Code     0  _printf_percent.o(.ARM.Collect$$_printf_percent$$00000000)
    _printf_percent_end                      0x0800016f   Thumb Code     0  _printf_percent_end.o(.ARM.Collect$$_printf_percent$$00000017)
    __rt_lib_init                            0x08000173   Thumb Code     0  libinit.o(.ARM.Collect$$libinit$$00000000)
    __rt_lib_init_alloca_1                   0x08000175   Thumb Code     0  libinit2.o(.ARM.Collect$$libinit$$0000002E)
    __rt_lib_init_argv_1                     0x08000175   Thumb Code     0  libinit2.o(.ARM.Collect$$libinit$$0000002C)
    __rt_lib_init_atexit_1                   0x08000175   Thumb Code     0  libinit2.o(.ARM.Collect$$libinit$$0000001B)
    __rt_lib_init_clock_1                    0x08000175   Thumb Code     0  libinit2.o(.ARM.Collect$$libinit$$00000021)
    __rt_lib_init_cpp_1                      0x08000175   Thumb Code     0  libinit2.o(.ARM.Collect$$libinit$$00000032)
    __rt_lib_init_exceptions_1               0x08000175   Thumb Code     0  libinit2.o(.ARM.Collect$$libinit$$00000030)
    __rt_lib_init_fp_1                       0x08000175   Thumb Code     0  libinit2.o(.ARM.Collect$$libinit$$00000002)
    __rt_lib_init_fp_trap_1                  0x08000175   Thumb Code     0  libinit2.o(.ARM.Collect$$libinit$$0000001F)
    __rt_lib_init_getenv_1                   0x08000175   Thumb Code     0  libinit2.o(.ARM.Collect$$libinit$$00000023)
    __rt_lib_init_heap_1                     0x08000175   Thumb Code     0  libinit2.o(.ARM.Collect$$libinit$$0000000A)
    __rt_lib_init_lc_collate_1               0x08000175   Thumb Code     0  libinit2.o(.ARM.Collect$$libinit$$00000011)
    __rt_lib_init_lc_ctype_1                 0x08000175   Thumb Code     0  libinit2.o(.ARM.Collect$$libinit$$00000013)
    __rt_lib_init_lc_monetary_1              0x08000175   Thumb Code     0  libinit2.o(.ARM.Collect$$libinit$$00000015)
    __rt_lib_init_lc_numeric_1               0x08000175   Thumb Code     0  libinit2.o(.ARM.Collect$$libinit$$00000017)
    __rt_lib_init_lc_time_1                  0x08000175   Thumb Code     0  libinit2.o(.ARM.Collect$$libinit$$00000019)
    __rt_lib_init_preinit_1                  0x08000175   Thumb Code     0  libinit2.o(.ARM.Collect$$libinit$$00000004)
    __rt_lib_init_rand_1                     0x08000175   Thumb Code     0  libinit2.o(.ARM.Collect$$libinit$$0000000E)
    __rt_lib_init_return                     0x08000175   Thumb Code     0  libinit2.o(.ARM.Collect$$libinit$$00000033)
    __rt_lib_init_signal_1                   0x08000175   Thumb Code     0  libinit2.o(.ARM.Collect$$libinit$$0000001D)
    __rt_lib_init_stdio_1                    0x08000175   Thumb Code     0  libinit2.o(.ARM.Collect$$libinit$$00000025)
    __rt_lib_init_user_alloc_1               0x08000175   Thumb Code     0  libinit2.o(.ARM.Collect$$libinit$$0000000C)
    __rt_lib_shutdown                        0x08000177   Thumb Code     0  libshutdown.o(.ARM.Collect$$libshutdown$$00000000)
    __rt_lib_shutdown_cpp_1                  0x08000179   Thumb Code     0  libshutdown2.o(.ARM.Collect$$libshutdown$$00000002)
    __rt_lib_shutdown_fp_trap_1              0x08000179   Thumb Code     0  libshutdown2.o(.ARM.Collect$$libshutdown$$00000007)
    __rt_lib_shutdown_heap_1                 0x08000179   Thumb Code     0  libshutdown2.o(.ARM.Collect$$libshutdown$$0000000F)
    __rt_lib_shutdown_return                 0x08000179   Thumb Code     0  libshutdown2.o(.ARM.Collect$$libshutdown$$00000010)
    __rt_lib_shutdown_signal_1               0x08000179   Thumb Code     0  libshutdown2.o(.ARM.Collect$$libshutdown$$0000000A)
    __rt_lib_shutdown_stdio_1                0x08000179   Thumb Code     0  libshutdown2.o(.ARM.Collect$$libshutdown$$00000004)
    __rt_lib_shutdown_user_alloc_1           0x08000179   Thumb Code     0  libshutdown2.o(.ARM.Collect$$libshutdown$$0000000C)
    __rt_entry                               0x0800017b   Thumb Code     0  __rtentry.o(.ARM.Collect$$rtentry$$00000000)
    __rt_entry_presh_1                       0x0800017b   Thumb Code     0  __rtentry2.o(.ARM.Collect$$rtentry$$00000002)
    __rt_entry_sh                            0x0800017b   Thumb Code     0  __rtentry4.o(.ARM.Collect$$rtentry$$00000004)
    __rt_entry_li                            0x08000181   Thumb Code     0  __rtentry2.o(.ARM.Collect$$rtentry$$0000000A)
    __rt_entry_postsh_1                      0x08000181   Thumb Code     0  __rtentry2.o(.ARM.Collect$$rtentry$$00000009)
    __rt_entry_main                          0x08000185   Thumb Code     0  __rtentry2.o(.ARM.Collect$$rtentry$$0000000D)
    __rt_entry_postli_1                      0x08000185   Thumb Code     0  __rtentry2.o(.ARM.Collect$$rtentry$$0000000C)
    __rt_exit                                0x0800018d   Thumb Code     0  rtexit.o(.ARM.Collect$$rtexit$$00000000)
    __rt_exit_ls                             0x0800018f   Thumb Code     0  rtexit2.o(.ARM.Collect$$rtexit$$00000003)
    __rt_exit_prels_1                        0x0800018f   Thumb Code     0  rtexit2.o(.ARM.Collect$$rtexit$$00000002)
    __rt_exit_exit                           0x08000193   Thumb Code     0  rtexit2.o(.ARM.Collect$$rtexit$$00000004)
    Reset_Handler                            0x08000199   Thumb Code     8  startup_stm32l152xb.o(.text)
    NMI_Handler                              0x080001a1   Thumb Code     2  startup_stm32l152xb.o(.text)
    HardFault_Handler                        0x080001a3   Thumb Code     2  startup_stm32l152xb.o(.text)
    MemManage_Handler                        0x080001a5   Thumb Code     2  startup_stm32l152xb.o(.text)
    BusFault_Handler                         0x080001a7   Thumb Code     2  startup_stm32l152xb.o(.text)
    UsageFault_Handler                       0x080001a9   Thumb Code     2  startup_stm32l152xb.o(.text)
    SVC_Handler                              0x080001ab   Thumb Code     2  startup_stm32l152xb.o(.text)
    DebugMon_Handler                         0x080001ad   Thumb Code     2  startup_stm32l152xb.o(.text)
    PendSV_Handler                           0x080001af   Thumb Code     2  startup_stm32l152xb.o(.text)
    SysTick_Handler                          0x080001b1   Thumb Code     2  startup_stm32l152xb.o(.text)
    ADC1_IRQHandler                          0x080001b3   Thumb Code     0  startup_stm32l152xb.o(.text)
    COMP_IRQHandler                          0x080001b3   Thumb Code     0  startup_stm32l152xb.o(.text)
    DAC_IRQHandler                           0x080001b3   Thumb Code     0  startup_stm32l152xb.o(.text)
    DMA1_Channel1_IRQHandler                 0x080001b3   Thumb Code     0  startup_stm32l152xb.o(.text)
    DMA1_Channel2_IRQHandler                 0x080001b3   Thumb Code     0  startup_stm32l152xb.o(.text)
    DMA1_Channel3_IRQHandler                 0x080001b3   Thumb Code     0  startup_stm32l152xb.o(.text)
    DMA1_Channel4_IRQHandler                 0x080001b3   Thumb Code     0  startup_stm32l152xb.o(.text)
    DMA1_Channel5_IRQHandler                 0x080001b3   Thumb Code     0  startup_stm32l152xb.o(.text)
    DMA1_Channel6_IRQHandler                 0x080001b3   Thumb Code     0  startup_stm32l152xb.o(.text)
    DMA1_Channel7_IRQHandler                 0x080001b3   Thumb Code     0  startup_stm32l152xb.o(.text)
    EXTI15_10_IRQHandler                     0x080001b3   Thumb Code     0  startup_stm32l152xb.o(.text)
    EXTI1_IRQHandler                         0x080001b3   Thumb Code     0  startup_stm32l152xb.o(.text)
    EXTI2_IRQHandler                         0x080001b3   Thumb Code     0  startup_stm32l152xb.o(.text)
    EXTI3_IRQHandler                         0x080001b3   Thumb Code     0  startup_stm32l152xb.o(.text)
    EXTI4_IRQHandler                         0x080001b3   Thumb Code     0  startup_stm32l152xb.o(.text)
    EXTI9_5_IRQHandler                       0x080001b3   Thumb Code     0  startup_stm32l152xb.o(.text)
    FLASH_IRQHandler                         0x080001b3   Thumb Code     0  startup_stm32l152xb.o(.text)
    I2C1_ER_IRQHandler                       0x080001b3   Thumb Code     0  startup_stm32l152xb.o(.text)
    I2C1_EV_IRQHandler                       0x080001b3   Thumb Code     0  startup_stm32l152xb.o(.text)
    I2C2_ER_IRQHandler                       0x080001b3   Thumb Code     0  startup_stm32l152xb.o(.text)
    I2C2_EV_IRQHandler                       0x080001b3   Thumb Code     0  startup_stm32l152xb.o(.text)
    LCD_IRQHandler                           0x080001b3   Thumb Code     0  startup_stm32l152xb.o(.text)
    PVD_IRQHandler                           0x080001b3   Thumb Code     0  startup_stm32l152xb.o(.text)
    RCC_IRQHandler                           0x080001b3   Thumb Code     0  startup_stm32l152xb.o(.text)
    RTC_Alarm_IRQHandler                     0x080001b3   Thumb Code     0  startup_stm32l152xb.o(.text)
    RTC_WKUP_IRQHandler                      0x080001b3   Thumb Code     0  startup_stm32l152xb.o(.text)
    SPI1_IRQHandler                          0x080001b3   Thumb Code     0  startup_stm32l152xb.o(.text)
    SPI2_IRQHandler                          0x080001b3   Thumb Code     0  startup_stm32l152xb.o(.text)
    TAMPER_STAMP_IRQHandler                  0x080001b3   Thumb Code     0  startup_stm32l152xb.o(.text)
    TIM10_IRQHandler                         0x080001b3   Thumb Code     0  startup_stm32l152xb.o(.text)
    TIM11_IRQHandler                         0x080001b3   Thumb Code     0  startup_stm32l152xb.o(.text)
    TIM3_IRQHandler                          0x080001b3   Thumb Code     0  startup_stm32l152xb.o(.text)
    TIM6_IRQHandler                          0x080001b3   Thumb Code     0  startup_stm32l152xb.o(.text)
    TIM7_IRQHandler                          0x080001b3   Thumb Code     0  startup_stm32l152xb.o(.text)
    TIM9_IRQHandler                          0x080001b3   Thumb Code     0  startup_stm32l152xb.o(.text)
    USART1_IRQHandler                        0x080001b3   Thumb Code     0  startup_stm32l152xb.o(.text)
    USART2_IRQHandler                        0x080001b3   Thumb Code     0  startup_stm32l152xb.o(.text)
    USART3_IRQHandler                        0x080001b3   Thumb Code     0  startup_stm32l152xb.o(.text)
    USB_FS_WKUP_IRQHandler                   0x080001b3   Thumb Code     0  startup_stm32l152xb.o(.text)
    USB_HP_IRQHandler                        0x080001b3   Thumb Code     0  startup_stm32l152xb.o(.text)
    USB_LP_IRQHandler                        0x080001b3   Thumb Code     0  startup_stm32l152xb.o(.text)
    WWDG_IRQHandler                          0x080001b3   Thumb Code     0  startup_stm32l152xb.o(.text)
    __user_initial_stackheap                 0x080001b5   Thumb Code     0  startup_stm32l152xb.o(.text)
    __2sprintf                               0x080001d9   Thumb Code    34  noretval__2sprintf.o(.text)
    _printf_pre_padding                      0x08000201   Thumb Code    44  _printf_pad.o(.text)
    _printf_post_padding                     0x0800022d   Thumb Code    34  _printf_pad.o(.text)
    _printf_int_dec                          0x08000251   Thumb Code   104  _printf_dec.o(.text)
    __printf                                 0x080002c9   Thumb Code   308  __printf_flags_wp.o(.text)
    __use_two_region_memory                  0x08000401   Thumb Code     2  heapauxi.o(.text)
    __rt_heap_escrow$2region                 0x08000403   Thumb Code     2  heapauxi.o(.text)
    __rt_heap_expand$2region                 0x08000405   Thumb Code     2  heapauxi.o(.text)
    _printf_int_common                       0x08000407   Thumb Code   178  _printf_intcommon.o(.text)
    _printf_char_common                      0x080004c3   Thumb Code    32  _printf_char_common.o(.text)
    _sputc                                   0x080004e9   Thumb Code    10  _sputc.o(.text)
    __user_setup_stackheap                   0x080004f3   Thumb Code    74  sys_stackheap_outer.o(.text)
    exit                                     0x0800053d   Thumb Code    18  exit.o(.text)
    __user_libspace                          0x08000551   Thumb Code     8  libspace.o(.text)
    __user_perproc_libspace                  0x08000551   Thumb Code     0  libspace.o(.text)
    __user_perthread_libspace                0x08000551   Thumb Code     0  libspace.o(.text)
    _sys_exit                                0x08000559   Thumb Code     8  sys_exit.o(.text)
    __I$use$semihosting                      0x08000565   Thumb Code     0  use_no_semi.o(.text)
    __use_no_semihosting_swi                 0x08000565   Thumb Code     2  use_no_semi.o(.text)
    __semihosting_library_function           0x08000567   Thumb Code     0  indicate_semi.o(.text)
    Coins_Config                             0x08000569   Thumb Code    92  main.o(i.Coins_Config)
    EXTI0_IRQHandler                         0x080005d1   Thumb Code   114  main.o(i.EXTI0_IRQHandler)
    LED_Config                               0x08000739   Thumb Code    76  main.o(i.LED_Config)
    LL_GPIO_Init                             0x080007c1   Thumb Code   324  stm32l1xx_ll_gpio.o(i.LL_GPIO_Init)
    LL_Init1msTick                           0x08000921   Thumb Code    28  stm32l1xx_ll_utils.o(i.LL_Init1msTick)
    LL_SetSystemCoreClock                    0x0800094d   Thumb Code     6  stm32l1xx_ll_utils.o(i.LL_SetSystemCoreClock)
    LL_TIM_IC_Init                           0x0800096b   Thumb Code    92  stm32l1xx_ll_tim.o(i.LL_TIM_IC_Init)
    LL_TIM_Init                              0x080009c9   Thumb Code   112  stm32l1xx_ll_tim.o(i.LL_TIM_Init)
    LL_TIM_OC_Init                           0x08000a57   Thumb Code    92  stm32l1xx_ll_tim.o(i.LL_TIM_OC_Init)
    LL_mDelay                                0x08000ab3   Thumb Code    40  stm32l1xx_ll_utils.o(i.LL_mDelay)
    Notic_TIM_BASE_Config                    0x08000b19   Thumb Code    42  main.o(i.Notic_TIM_BASE_Config)
    Notic_TIM_OC_Config                      0x08000b49   Thumb Code    92  main.o(i.Notic_TIM_OC_Config)
    Notic_TIM_OC_GPIO_Config                 0x08000ba9   Thumb Code    44  main.o(i.Notic_TIM_OC_GPIO_Config)
    SEG_Config                               0x08000d01   Thumb Code    60  main.o(i.SEG_Config)
    SensorGPIO_Config                        0x08000d45   Thumb Code    58  main.o(i.SensorGPIO_Config)
    SensorTIM_IC_Config                      0x08000d85   Thumb Code    88  main.o(i.SensorTIM_IC_Config)
    SystemClock_Config                       0x08000ddd   Thumb Code   282  main.o(i.SystemClock_Config)
    SystemInit                               0x08000f09   Thumb Code    82  system_stm32l1xx.o(i.SystemInit)
    TIM2_IRQHandler                          0x08000f6d   Thumb Code   146  main.o(i.TIM2_IRQHandler)
    TIM4_IRQHandler                          0x08001011   Thumb Code    28  main.o(i.TIM4_IRQHandler)
    TIM_Duration                             0x08001031   Thumb Code    56  main.o(i.TIM_Duration)
    _is_digit                                0x0800106d   Thumb Code    14  __printf_wp.o(i._is_digit)
    display                                  0x0800107d   Thumb Code   368  main.o(i.display)
    five_check                               0x080011fd   Thumb Code    60  main.o(i.five_check)
    main                                     0x0800124d   Thumb Code   700  main.o(i.main)
    one_check                                0x0800157d   Thumb Code    58  main.o(i.one_check)
    pump_Config                              0x080015cd   Thumb Code   102  main.o(i.pump_Config)
    ten_check                                0x08001645   Thumb Code    60  main.o(i.ten_check)
    two_check                                0x08001695   Thumb Code    58  main.o(i.two_check)
    water_TIMBase                            0x080016e5   Thumb Code    60  main.o(i.water_TIMBase)
    __aeabi_d2f                              0x08001729   Thumb Code     0  d2f.o(x$fpl$d2f)
    _d2f                                     0x08001729   Thumb Code    98  d2f.o(x$fpl$d2f)
    __aeabi_ddiv                             0x0800178d   Thumb Code     0  ddiv.o(x$fpl$ddiv)
    _ddiv                                    0x0800178d   Thumb Code   552  ddiv.o(x$fpl$ddiv)
    __aeabi_ui2d                             0x08001a3d   Thumb Code     0  dflt_clz.o(x$fpl$dfltu)
    _dfltu                                   0x08001a3d   Thumb Code    38  dflt_clz.o(x$fpl$dfltu)
    __aeabi_dmul                             0x08001a65   Thumb Code     0  dmul.o(x$fpl$dmul)
    _dmul                                    0x08001a65   Thumb Code   332  dmul.o(x$fpl$dmul)
    __fpl_dnaninf                            0x08001bb9   Thumb Code   156  dnaninf.o(x$fpl$dnaninf)
    __fpl_dretinf                            0x08001c55   Thumb Code    12  dretinf.o(x$fpl$dretinf)
    __aeabi_f2uiz                            0x08001c61   Thumb Code     0  ffixu.o(x$fpl$ffixu)
    _ffixu                                   0x08001c61   Thumb Code    62  ffixu.o(x$fpl$ffixu)
    __aeabi_fmul                             0x08001ca1   Thumb Code     0  fmul.o(x$fpl$fmul)
    _fmul                                    0x08001ca1   Thumb Code   258  fmul.o(x$fpl$fmul)
    __fpl_fnaninf                            0x08001da3   Thumb Code   140  fnaninf.o(x$fpl$fnaninf)
    __fpl_fretinf                            0x08001e2f   Thumb Code    10  fretinf.o(x$fpl$fretinf)
    __I$use$fp                               0x08001e38   Number         0  usenofp.o(x$fpl$usenofp)
    Region$$Table$$Base                      0x08001e68   Number         0  anon$$obj.o(Region$$Table)
    Region$$Table$$Limit                     0x08001e88   Number         0  anon$$obj.o(Region$$Table)
    SystemCoreClock                          0x20000000   Data           4  system_stm32l1xx.o(.data)
    disp_str                                 0x20000004   Data           4  main.o(.data)
    i                                        0x20000008   Data           1  main.o(.data)
    k                                        0x20000009   Data           1  main.o(.data)
    period                                   0x2000000c   Data           4  main.o(.data)
    IC1                                      0x20000010   Data           2  main.o(.data)
    IC2                                      0x20000012   Data           2  main.o(.data)
    Diff                                     0x20000014   Data           2  main.o(.data)
    state                                    0x20000016   Data           2  main.o(.data)
    TIM2CLK                                  0x20000018   Data           4  main.o(.data)
    PSC                                      0x2000001c   Data           4  main.o(.data)
    IC1PSC                                   0x20000020   Data           4  main.o(.data)
    level                                    0x20000024   Data           4  main.o(.data)
    dist                                     0x20000028   Data           4  main.o(.data)
    note                                     0x2000002c   Data         178  main.o(.data)
    inDex                                    0x200000e0   Data           4  main.o(.data)
    size                                     0x200000e4   Data           4  main.o(.data)
    one_b_state                              0x200000e8   Data           2  main.o(.data)
    one_b                                    0x200000ea   Data           2  main.o(.data)
    two_b_state                              0x200000ec   Data           2  main.o(.data)
    two_b                                    0x200000ee   Data           2  main.o(.data)
    five_b_state                             0x200000f0   Data           2  main.o(.data)
    five_b                                   0x200000f2   Data           2  main.o(.data)
    ten_b_state                              0x200000f4   Data           2  main.o(.data)
    ten_b                                    0x200000f6   Data           2  main.o(.data)
    balance_b                                0x200000f8   Data           2  main.o(.data)
    test                                     0x200000fa   Data           2  main.o(.data)
    pump_state                               0x200000fc   Data           2  main.o(.data)
    machine_status                           0x200000fe   Data           2  main.o(.data)
    water_cnt                                0x20000100   Data           2  main.o(.data)
    __libspace_start                         0x20000104   Data          96  libspace.o(.bss)
    __temporary_stack_top$libspace           0x20000164   Data           0  libspace.o(.bss)



==============================================================================

Memory Map of the image

  Image Entry point : 0x08000199

  Load Region LR_1 (Base: 0x08000000, Size: 0x00001f8c, Max: 0xffffffff, ABSOLUTE)

    Execution Region ER_RO (Exec base: 0x08000000, Load base: 0x08000000, Size: 0x00001e88, Max: 0xffffffff, ABSOLUTE)

    Exec Addr    Load Addr    Size         Type   Attr      Idx    E Section Name        Object

    0x08000000   0x08000000   0x000000f4   Data   RO           65    RESET               startup_stm32l152xb.o
    0x080000f4   0x080000f4   0x00000008   Code   RO         1090  * !!!main             c_w.l(__main.o)
    0x080000fc   0x080000fc   0x00000034   Code   RO         1285    !!!scatter          c_w.l(__scatter.o)
    0x08000130   0x08000130   0x0000001a   Code   RO         1287    !!handler_copy      c_w.l(__scatter_copy.o)
    0x0800014a   0x0800014a   0x00000002   PAD
    0x0800014c   0x0800014c   0x0000001c   Code   RO         1289    !!handler_zi        c_w.l(__scatter_zi.o)
    0x08000168   0x08000168   0x00000000   Code   RO         1085    .ARM.Collect$$_printf_percent$$00000000  c_w.l(_printf_percent.o)
    0x08000168   0x08000168   0x00000006   Code   RO         1084    .ARM.Collect$$_printf_percent$$00000009  c_w.l(_printf_d.o)
    0x0800016e   0x0800016e   0x00000004   Code   RO         1119    .ARM.Collect$$_printf_percent$$00000017  c_w.l(_printf_percent_end.o)
    0x08000172   0x08000172   0x00000002   Code   RO         1155    .ARM.Collect$$libinit$$00000000  c_w.l(libinit.o)
    0x08000174   0x08000174   0x00000000   Code   RO         1162    .ARM.Collect$$libinit$$00000002  c_w.l(libinit2.o)
    0x08000174   0x08000174   0x00000000   Code   RO         1164    .ARM.Collect$$libinit$$00000004  c_w.l(libinit2.o)
    0x08000174   0x08000174   0x00000000   Code   RO         1167    .ARM.Collect$$libinit$$0000000A  c_w.l(libinit2.o)
    0x08000174   0x08000174   0x00000000   Code   RO         1169    .ARM.Collect$$libinit$$0000000C  c_w.l(libinit2.o)
    0x08000174   0x08000174   0x00000000   Code   RO         1171    .ARM.Collect$$libinit$$0000000E  c_w.l(libinit2.o)
    0x08000174   0x08000174   0x00000000   Code   RO         1174    .ARM.Collect$$libinit$$00000011  c_w.l(libinit2.o)
    0x08000174   0x08000174   0x00000000   Code   RO         1176    .ARM.Collect$$libinit$$00000013  c_w.l(libinit2.o)
    0x08000174   0x08000174   0x00000000   Code   RO         1178    .ARM.Collect$$libinit$$00000015  c_w.l(libinit2.o)
    0x08000174   0x08000174   0x00000000   Code   RO         1180    .ARM.Collect$$libinit$$00000017  c_w.l(libinit2.o)
    0x08000174   0x08000174   0x00000000   Code   RO         1182    .ARM.Collect$$libinit$$00000019  c_w.l(libinit2.o)
    0x08000174   0x08000174   0x00000000   Code   RO         1184    .ARM.Collect$$libinit$$0000001B  c_w.l(libinit2.o)
    0x08000174   0x08000174   0x00000000   Code   RO         1186    .ARM.Collect$$libinit$$0000001D  c_w.l(libinit2.o)
    0x08000174   0x08000174   0x00000000   Code   RO         1188    .ARM.Collect$$libinit$$0000001F  c_w.l(libinit2.o)
    0x08000174   0x08000174   0x00000000   Code   RO         1190    .ARM.Collect$$libinit$$00000021  c_w.l(libinit2.o)
    0x08000174   0x08000174   0x00000000   Code   RO         1192    .ARM.Collect$$libinit$$00000023  c_w.l(libinit2.o)
    0x08000174   0x08000174   0x00000000   Code   RO         1194    .ARM.Collect$$libinit$$00000025  c_w.l(libinit2.o)
    0x08000174   0x08000174   0x00000000   Code   RO         1198    .ARM.Collect$$libinit$$0000002C  c_w.l(libinit2.o)
    0x08000174   0x08000174   0x00000000   Code   RO         1200    .ARM.Collect$$libinit$$0000002E  c_w.l(libinit2.o)
    0x08000174   0x08000174   0x00000000   Code   RO         1202    .ARM.Collect$$libinit$$00000030  c_w.l(libinit2.o)
    0x08000174   0x08000174   0x00000000   Code   RO         1204    .ARM.Collect$$libinit$$00000032  c_w.l(libinit2.o)
    0x08000174   0x08000174   0x00000002   Code   RO         1205    .ARM.Collect$$libinit$$00000033  c_w.l(libinit2.o)
    0x08000176   0x08000176   0x00000002   Code   RO         1225    .ARM.Collect$$libshutdown$$00000000  c_w.l(libshutdown.o)
    0x08000178   0x08000178   0x00000000   Code   RO         1238    .ARM.Collect$$libshutdown$$00000002  c_w.l(libshutdown2.o)
    0x08000178   0x08000178   0x00000000   Code   RO         1240    .ARM.Collect$$libshutdown$$00000004  c_w.l(libshutdown2.o)
    0x08000178   0x08000178   0x00000000   Code   RO         1243    .ARM.Collect$$libshutdown$$00000007  c_w.l(libshutdown2.o)
    0x08000178   0x08000178   0x00000000   Code   RO         1246    .ARM.Collect$$libshutdown$$0000000A  c_w.l(libshutdown2.o)
    0x08000178   0x08000178   0x00000000   Code   RO         1248    .ARM.Collect$$libshutdown$$0000000C  c_w.l(libshutdown2.o)
    0x08000178   0x08000178   0x00000000   Code   RO         1251    .ARM.Collect$$libshutdown$$0000000F  c_w.l(libshutdown2.o)
    0x08000178   0x08000178   0x00000002   Code   RO         1252    .ARM.Collect$$libshutdown$$00000010  c_w.l(libshutdown2.o)
    0x0800017a   0x0800017a   0x00000000   Code   RO         1112    .ARM.Collect$$rtentry$$00000000  c_w.l(__rtentry.o)
    0x0800017a   0x0800017a   0x00000000   Code   RO         1130    .ARM.Collect$$rtentry$$00000002  c_w.l(__rtentry2.o)
    0x0800017a   0x0800017a   0x00000006   Code   RO         1142    .ARM.Collect$$rtentry$$00000004  c_w.l(__rtentry4.o)
    0x08000180   0x08000180   0x00000000   Code   RO         1132    .ARM.Collect$$rtentry$$00000009  c_w.l(__rtentry2.o)
    0x08000180   0x08000180   0x00000004   Code   RO         1133    .ARM.Collect$$rtentry$$0000000A  c_w.l(__rtentry2.o)
    0x08000184   0x08000184   0x00000000   Code   RO         1135    .ARM.Collect$$rtentry$$0000000C  c_w.l(__rtentry2.o)
    0x08000184   0x08000184   0x00000008   Code   RO         1136    .ARM.Collect$$rtentry$$0000000D  c_w.l(__rtentry2.o)
    0x0800018c   0x0800018c   0x00000002   Code   RO         1159    .ARM.Collect$$rtexit$$00000000  c_w.l(rtexit.o)
    0x0800018e   0x0800018e   0x00000000   Code   RO         1207    .ARM.Collect$$rtexit$$00000002  c_w.l(rtexit2.o)
    0x0800018e   0x0800018e   0x00000004   Code   RO         1208    .ARM.Collect$$rtexit$$00000003  c_w.l(rtexit2.o)
    0x08000192   0x08000192   0x00000006   Code   RO         1209    .ARM.Collect$$rtexit$$00000004  c_w.l(rtexit2.o)
    0x08000198   0x08000198   0x00000040   Code   RO           66  * .text               startup_stm32l152xb.o
    0x080001d8   0x080001d8   0x00000028   Code   RO         1056    .text               c_w.l(noretval__2sprintf.o)
    0x08000200   0x08000200   0x0000004e   Code   RO         1060    .text               c_w.l(_printf_pad.o)
    0x0800024e   0x0800024e   0x00000002   PAD
    0x08000250   0x08000250   0x00000078   Code   RO         1062    .text               c_w.l(_printf_dec.o)
    0x080002c8   0x080002c8   0x00000138   Code   RO         1076    .text               c_w.l(__printf_flags_wp.o)
    0x08000400   0x08000400   0x00000006   Code   RO         1088    .text               c_w.l(heapauxi.o)
    0x08000406   0x08000406   0x000000b2   Code   RO         1113    .text               c_w.l(_printf_intcommon.o)
    0x080004b8   0x080004b8   0x00000030   Code   RO         1115    .text               c_w.l(_printf_char_common.o)
    0x080004e8   0x080004e8   0x0000000a   Code   RO         1117    .text               c_w.l(_sputc.o)
    0x080004f2   0x080004f2   0x0000004a   Code   RO         1146    .text               c_w.l(sys_stackheap_outer.o)
    0x0800053c   0x0800053c   0x00000012   Code   RO         1148    .text               c_w.l(exit.o)
    0x0800054e   0x0800054e   0x00000002   PAD
    0x08000550   0x08000550   0x00000008   Code   RO         1156    .text               c_w.l(libspace.o)
    0x08000558   0x08000558   0x0000000c   Code   RO         1217    .text               c_w.l(sys_exit.o)
    0x08000564   0x08000564   0x00000002   Code   RO         1228    .text               c_w.l(use_no_semi.o)
    0x08000566   0x08000566   0x00000000   Code   RO         1230    .text               c_w.l(indicate_semi.o)
    0x08000566   0x08000566   0x00000002   PAD
    0x08000568   0x08000568   0x00000068   Code   RO           73    i.Coins_Config      main.o
    0x080005d0   0x080005d0   0x00000088   Code   RO           74    i.EXTI0_IRQHandler  main.o
    0x08000658   0x08000658   0x00000034   Code   RO          777    i.IC1Config         stm32l1xx_ll_tim.o
    0x0800068c   0x0800068c   0x00000038   Code   RO          778    i.IC2Config         stm32l1xx_ll_tim.o
    0x080006c4   0x080006c4   0x0000003a   Code   RO          779    i.IC3Config         stm32l1xx_ll_tim.o
    0x080006fe   0x080006fe   0x0000003a   Code   RO          780    i.IC4Config         stm32l1xx_ll_tim.o
    0x08000738   0x08000738   0x00000050   Code   RO           75    i.LED_Config        main.o
    0x08000788   0x08000788   0x0000001c   Code   RO           76    i.LL_AHB1_GRP1_EnableClock  main.o
    0x080007a4   0x080007a4   0x0000001c   Code   RO           77    i.LL_APB1_GRP1_EnableClock  main.o
    0x080007c0   0x080007c0   0x00000144   Code   RO          728    i.LL_GPIO_Init      stm32l1xx_ll_gpio.o
    0x08000904   0x08000904   0x00000012   Code   RO           78    i.LL_GPIO_IsInputPinSet  main.o
    0x08000916   0x08000916   0x00000006   Code   RO           79    i.LL_GPIO_ResetOutputPin  main.o
    0x0800091c   0x0800091c   0x00000004   Code   RO           80    i.LL_GPIO_SetOutputPin  main.o
    0x08000920   0x08000920   0x0000001c   Code   RO          625    i.LL_Init1msTick    stm32l1xx_ll_utils.o
    0x0800093c   0x0800093c   0x00000010   Code   RO           81    i.LL_RCC_HSI_IsReady  main.o
    0x0800094c   0x0800094c   0x0000000c   Code   RO          632    i.LL_SetSystemCoreClock  stm32l1xx_ll_utils.o
    0x08000958   0x08000958   0x00000008   Code   RO           82    i.LL_TIM_CC_EnableChannel  main.o
    0x08000960   0x08000960   0x0000000a   Code   RO           83    i.LL_TIM_EnableCounter  main.o
    0x0800096a   0x0800096a   0x0000005c   Code   RO          788    i.LL_TIM_IC_Init    stm32l1xx_ll_tim.o
    0x080009c6   0x080009c6   0x00000002   PAD
    0x080009c8   0x080009c8   0x00000084   Code   RO          790    i.LL_TIM_Init       stm32l1xx_ll_tim.o
    0x08000a4c   0x08000a4c   0x0000000a   Code   RO           84    i.LL_TIM_IsActiveFlag_UPDATE  main.o
    0x08000a56   0x08000a56   0x0000005c   Code   RO          791    i.LL_TIM_OC_Init    stm32l1xx_ll_tim.o
    0x08000ab2   0x08000ab2   0x00000028   Code   RO          633    i.LL_mDelay         stm32l1xx_ll_utils.o
    0x08000ada   0x08000ada   0x00000016   Code   RO           85    i.NVIC_EnableIRQ    main.o
    0x08000af0   0x08000af0   0x00000028   Code   RO           86    i.NVIC_SetPriority  main.o
    0x08000b18   0x08000b18   0x00000030   Code   RO           87    i.Notic_TIM_BASE_Config  main.o
    0x08000b48   0x08000b48   0x00000060   Code   RO           88    i.Notic_TIM_OC_Config  main.o
    0x08000ba8   0x08000ba8   0x00000030   Code   RO           89    i.Notic_TIM_OC_GPIO_Config  main.o
    0x08000bd8   0x08000bd8   0x0000004a   Code   RO          794    i.OC1Config         stm32l1xx_ll_tim.o
    0x08000c22   0x08000c22   0x0000004a   Code   RO          795    i.OC2Config         stm32l1xx_ll_tim.o
    0x08000c6c   0x08000c6c   0x0000004a   Code   RO          796    i.OC3Config         stm32l1xx_ll_tim.o
    0x08000cb6   0x08000cb6   0x0000004a   Code   RO          797    i.OC4Config         stm32l1xx_ll_tim.o
    0x08000d00   0x08000d00   0x00000044   Code   RO           90    i.SEG_Config        main.o
    0x08000d44   0x08000d44   0x00000040   Code   RO           91    i.SensorGPIO_Config  main.o
    0x08000d84   0x08000d84   0x00000058   Code   RO           92    i.SensorTIM_IC_Config  main.o
    0x08000ddc   0x08000ddc   0x0000012c   Code   RO           93    i.SystemClock_Config  main.o
    0x08000f08   0x08000f08   0x00000064   Code   RO            5    i.SystemInit        system_stm32l1xx.o
    0x08000f6c   0x08000f6c   0x000000a4   Code   RO           94    i.TIM2_IRQHandler   main.o
    0x08001010   0x08001010   0x00000020   Code   RO           95    i.TIM4_IRQHandler   main.o
    0x08001030   0x08001030   0x0000003c   Code   RO           96    i.TIM_Duration      main.o
    0x0800106c   0x0800106c   0x0000000e   Code   RO         1074    i._is_digit         c_w.l(__printf_wp.o)
    0x0800107a   0x0800107a   0x00000002   PAD
    0x0800107c   0x0800107c   0x00000180   Code   RO           97    i.display           main.o
    0x080011fc   0x080011fc   0x00000050   Code   RO           98    i.five_check        main.o
    0x0800124c   0x0800124c   0x00000330   Code   RO           99    i.main              main.o
    0x0800157c   0x0800157c   0x00000050   Code   RO          100    i.one_check         main.o
    0x080015cc   0x080015cc   0x00000078   Code   RO          101    i.pump_Config       main.o
    0x08001644   0x08001644   0x00000050   Code   RO          102    i.ten_check         main.o
    0x08001694   0x08001694   0x00000050   Code   RO          103    i.two_check         main.o
    0x080016e4   0x080016e4   0x00000044   Code   RO          104    i.water_TIMBase     main.o
    0x08001728   0x08001728   0x00000062   Code   RO         1092    x$fpl$d2f           fz_ws.l(d2f.o)
    0x0800178a   0x0800178a   0x00000002   PAD
    0x0800178c   0x0800178c   0x000002b0   Code   RO         1095    x$fpl$ddiv          fz_ws.l(ddiv.o)
    0x08001a3c   0x08001a3c   0x00000026   Code   RO         1098    x$fpl$dfltu         fz_ws.l(dflt_clz.o)
    0x08001a62   0x08001a62   0x00000002   PAD
    0x08001a64   0x08001a64   0x00000154   Code   RO         1104    x$fpl$dmul          fz_ws.l(dmul.o)
    0x08001bb8   0x08001bb8   0x0000009c   Code   RO         1120    x$fpl$dnaninf       fz_ws.l(dnaninf.o)
    0x08001c54   0x08001c54   0x0000000c   Code   RO         1122    x$fpl$dretinf       fz_ws.l(dretinf.o)
    0x08001c60   0x08001c60   0x0000003e   Code   RO         1106    x$fpl$ffixu         fz_ws.l(ffixu.o)
    0x08001c9e   0x08001c9e   0x00000002   PAD
    0x08001ca0   0x08001ca0   0x00000102   Code   RO         1110    x$fpl$fmul          fz_ws.l(fmul.o)
    0x08001da2   0x08001da2   0x0000008c   Code   RO         1124    x$fpl$fnaninf       fz_ws.l(fnaninf.o)
    0x08001e2e   0x08001e2e   0x0000000a   Code   RO         1126    x$fpl$fretinf       fz_ws.l(fretinf.o)
    0x08001e38   0x08001e38   0x00000000   Code   RO         1128    x$fpl$usenofp       fz_ws.l(usenofp.o)
    0x08001e38   0x08001e38   0x0000001c   Data   RO          105    .constdata          main.o
    0x08001e54   0x08001e54   0x00000011   Data   RO         1077    .constdata          c_w.l(__printf_flags_wp.o)
    0x08001e65   0x08001e65   0x00000003   PAD
    0x08001e68   0x08001e68   0x00000020   Data   RO         1283    Region$$Table       anon$$obj.o


    Execution Region ER_RW (Exec base: 0x20000000, Load base: 0x08001e88, Size: 0x00000104, Max: 0xffffffff, ABSOLUTE)

    Exec Addr    Load Addr    Size         Type   Attr      Idx    E Section Name        Object

    0x20000000   0x08001e88   0x00000004   Data   RW            7    .data               system_stm32l1xx.o
    0x20000004   0x08001e8c   0x000000fe   Data   RW          106    .data               main.o


    Execution Region ER_ZI (Exec base: 0x20000104, Load base: 0x08001f8c, Size: 0x00000664, Max: 0xffffffff, ABSOLUTE)

    Exec Addr    Load Addr    Size         Type   Attr      Idx    E Section Name        Object

    0x20000104        -       0x00000060   Zero   RW         1157    .bss                c_w.l(libspace.o)
    0x20000164   0x08001f8c   0x00000004   PAD
    0x20000168        -       0x00000200   Zero   RW           64    HEAP                startup_stm32l152xb.o
    0x20000368        -       0x00000400   Zero   RW           63    STACK               startup_stm32l152xb.o


==============================================================================

Image component sizes


      Code (inc. data)   RO Data    RW Data    ZI Data      Debug   Object Name

      3186        374         28        254          0      94782   main.o
        64         26        244          0       1536        896   startup_stm32l152xb.o
       324          0          0          0          0       7359   stm32l1xx_ll_gpio.o
       836         20          0          0          0      32452   stm32l1xx_ll_tim.o
        80          6          0          0          0       6013   stm32l1xx_ll_utils.o
       100         18          0          4          0     270659   system_stm32l1xx.o

    ----------------------------------------------------------------------
      4592        444        304        260       1536     412161   Object Totals
         0          0         32          0          0          0   (incl. Generated)
         2          0          0          2          0          0   (incl. Padding)

    ----------------------------------------------------------------------

      Code (inc. data)   RO Data    RW Data    ZI Data      Debug   Library Member Name

         8          0          0          0          0         68   __main.o
       312          4         17          0          0         92   __printf_flags_wp.o
        14          0          0          0          0         68   __printf_wp.o
         0          0          0          0          0          0   __rtentry.o
        12          0          0          0          0          0   __rtentry2.o
         6          0          0          0          0          0   __rtentry4.o
        52          8          0          0          0          0   __scatter.o
        26          0          0          0          0          0   __scatter_copy.o
        28          0          0          0          0          0   __scatter_zi.o
        48          6          0          0          0         96   _printf_char_common.o
         6          0          0          0          0          0   _printf_d.o
       120         16          0          0          0         92   _printf_dec.o
       178          0          0          0          0         88   _printf_intcommon.o
        78          0          0          0          0        108   _printf_pad.o
         0          0          0          0          0          0   _printf_percent.o
         4          0          0          0          0          0   _printf_percent_end.o
        10          0          0          0          0         68   _sputc.o
        18          0          0          0          0         80   exit.o
         6          0          0          0          0        152   heapauxi.o
         0          0          0          0          0          0   indicate_semi.o
         2          0          0          0          0          0   libinit.o
         2          0          0          0          0          0   libinit2.o
         2          0          0          0          0          0   libshutdown.o
         2          0          0          0          0          0   libshutdown2.o
         8          4          0          0         96         68   libspace.o
        40          6          0          0          0         84   noretval__2sprintf.o
         2          0          0          0          0          0   rtexit.o
        10          0          0          0          0          0   rtexit2.o
        12          4          0          0          0         68   sys_exit.o
        74          0          0          0          0         80   sys_stackheap_outer.o
         2          0          0          0          0         68   use_no_semi.o
        98          4          0          0          0         92   d2f.o
       688        140          0          0          0        208   ddiv.o
        38          0          0          0          0         68   dflt_clz.o
       340         12          0          0          0        104   dmul.o
       156          4          0          0          0         92   dnaninf.o
        12          0          0          0          0         68   dretinf.o
        62          4          0          0          0         84   ffixu.o
       258          4          0          0          0         84   fmul.o
       140          4          0          0          0         84   fnaninf.o
        10          0          0          0          0         68   fretinf.o
         0          0          0          0          0          0   usenofp.o

    ----------------------------------------------------------------------
      2900        220         20          0        100       2232   Library Totals
        16          0          3          0          4          0   (incl. Padding)

    ----------------------------------------------------------------------

      Code (inc. data)   RO Data    RW Data    ZI Data      Debug   Library Name

      1082         48         17          0         96       1280   c_w.l
      1802        172          0          0          0        952   fz_ws.l

    ----------------------------------------------------------------------
      2900        220         20          0        100       2232   Library Totals

    ----------------------------------------------------------------------

==============================================================================


      Code (inc. data)   RO Data    RW Data    ZI Data      Debug   

      7492        664        324        260       1636     410957   Grand Totals
      7492        664        324        260       1636     410957   ELF Image Totals
      7492        664        324        260          0          0   ROM Totals

==============================================================================

    Total RO  Size (Code + RO Data)                 7816 (   7.63kB)
    Total RW  Size (RW Data + ZI Data)              1896 (   1.85kB)
    Total ROM Size (Code + RO Data + RW Data)       8076 (   7.89kB)

==============================================================================

